Component: ARM Compiler 5.06 update 6 (build 750) Tool: armlink [4d35ed]

==============================================================================

Section Cross References

    startup_stm32g030xx.o(RESET) refers to startup_stm32g030xx.o(STACK) for __initial_sp
    startup_stm32g030xx.o(RESET) refers to startup_stm32g030xx.o(.text) for Reset_Handler
    startup_stm32g030xx.o(RESET) refers to stm32g0xx_it.o(i.NMI_Handler) for NMI_Handler
    startup_stm32g030xx.o(RESET) refers to stm32g0xx_it.o(i.HardFault_Handler) for HardFault_Handler
    startup_stm32g030xx.o(RESET) refers to stm32g0xx_it.o(i.SVC_Handler) for SVC_Handler
    startup_stm32g030xx.o(RESET) refers to stm32g0xx_it.o(i.PendSV_Handler) for PendSV_Handler
    startup_stm32g030xx.o(RESET) refers to stm32g0xx_it.o(i.SysTick_Handler) for SysTick_Handler
    startup_stm32g030xx.o(RESET) refers to stm32g0xx_it.o(i.EXTI4_15_IRQHandler) for EXTI4_15_IRQHandler
    startup_stm32g030xx.o(RESET) refers to stm32g0xx_it.o(i.DMA1_Channel1_IRQHandler) for DMA1_Channel1_IRQHandler
    startup_stm32g030xx.o(RESET) refers to stm32g0xx_it.o(i.DMA1_Channel2_3_IRQHandler) for DMA1_Channel2_3_IRQHandler
    startup_stm32g030xx.o(RESET) refers to dev_rgbled.o(i.TIM16_IRQHandler) for TIM16_IRQHandler
    startup_stm32g030xx.o(RESET) refers to dev_time17.o(i.TIM17_IRQHandler) for TIM17_IRQHandler
    startup_stm32g030xx.o(RESET) refers to uartcomm.o(i.USART1_IRQHandler) for USART1_IRQHandler
    startup_stm32g030xx.o(RESET) refers to uartupgradedev.o(i.USART2_IRQHandler) for USART2_IRQHandler
    startup_stm32g030xx.o(.text) refers to system_stm32g0xx.o(i.SystemInit) for SystemInit
    startup_stm32g030xx.o(.text) refers to entry.o(.ARM.Collect$$$$00000000) for __main
    main.o(i.MX_GPIO_Init) refers to memseta.o(.text) for __aeabi_memclr4
    main.o(i.MX_GPIO_Init) refers to stm32g0xx_hal_gpio.o(i.HAL_GPIO_WritePin) for HAL_GPIO_WritePin
    main.o(i.MX_GPIO_Init) refers to stm32g0xx_hal_gpio.o(i.HAL_GPIO_Init) for HAL_GPIO_Init
    main.o(i.MX_GPIO_Init) refers to stm32g0xx_hal_cortex.o(i.HAL_NVIC_SetPriority) for HAL_NVIC_SetPriority
    main.o(i.MX_GPIO_Init) refers to stm32g0xx_hal_cortex.o(i.HAL_NVIC_EnableIRQ) for HAL_NVIC_EnableIRQ
    main.o(i.MX_SPI1_Init) refers to stm32g0xx_hal_spi.o(i.HAL_SPI_Init) for HAL_SPI_Init
    main.o(i.MX_SPI1_Init) refers to main.o(.bss) for .bss
    main.o(i.MX_SPI2_Init) refers to stm32g0xx_hal_spi.o(i.HAL_SPI_Init) for HAL_SPI_Init
    main.o(i.MX_SPI2_Init) refers to main.o(.bss) for .bss
    main.o(i.MX_USART1_UART_Init) refers to stm32g0xx_hal_uart.o(i.HAL_UART_Init) for HAL_UART_Init
    main.o(i.MX_USART1_UART_Init) refers to stm32g0xx_hal_uart_ex.o(i.HAL_UARTEx_SetTxFifoThreshold) for HAL_UARTEx_SetTxFifoThreshold
    main.o(i.MX_USART1_UART_Init) refers to stm32g0xx_hal_uart_ex.o(i.HAL_UARTEx_SetRxFifoThreshold) for HAL_UARTEx_SetRxFifoThreshold
    main.o(i.MX_USART1_UART_Init) refers to stm32g0xx_hal_uart_ex.o(i.HAL_UARTEx_DisableFifoMode) for HAL_UARTEx_DisableFifoMode
    main.o(i.MX_USART1_UART_Init) refers to main.o(.bss) for .bss
    main.o(i.MX_USART2_UART_Init) refers to stm32g0xx_hal_uart.o(i.HAL_UART_Init) for HAL_UART_Init
    main.o(i.MX_USART2_UART_Init) refers to main.o(.bss) for .bss
    main.o(i.SystemClock_Config) refers to memseta.o(.text) for __aeabi_memclr4
    main.o(i.SystemClock_Config) refers to stm32g0xx_hal_pwr_ex.o(i.HAL_PWREx_ControlVoltageScaling) for HAL_PWREx_ControlVoltageScaling
    main.o(i.SystemClock_Config) refers to stm32g0xx_hal_rcc.o(i.HAL_RCC_OscConfig) for HAL_RCC_OscConfig
    main.o(i.SystemClock_Config) refers to stm32g0xx_hal_rcc.o(i.HAL_RCC_ClockConfig) for HAL_RCC_ClockConfig
    main.o(i.SystemClock_Config) refers to stm32g0xx_hal_rcc_ex.o(i.HAL_RCCEx_PeriphCLKConfig) for HAL_RCCEx_PeriphCLKConfig
    main.o(i.main) refers to stm32g0xx_hal.o(i.HAL_Init) for HAL_Init
    main.o(i.main) refers to main.o(i.SystemClock_Config) for SystemClock_Config
    main.o(i.main) refers to main.o(i.MX_GPIO_Init) for MX_GPIO_Init
    main.o(i.main) refers to stm32g0xx_hal_cortex.o(i.HAL_NVIC_SetPriority) for HAL_NVIC_SetPriority
    main.o(i.main) refers to stm32g0xx_hal_cortex.o(i.HAL_NVIC_EnableIRQ) for HAL_NVIC_EnableIRQ
    main.o(i.main) refers to main.o(i.MX_SPI1_Init) for MX_SPI1_Init
    main.o(i.main) refers to main.o(i.MX_USART1_UART_Init) for MX_USART1_UART_Init
    main.o(i.main) refers to main.o(i.MX_USART2_UART_Init) for MX_USART2_UART_Init
    main.o(i.main) refers to main.o(i.MX_SPI2_Init) for MX_SPI2_Init
    main.o(i.main) refers to usermain.o(i.user_init) for user_init
    main.o(i.main) refers to usermain.o(i.user_loop) for user_loop
    stm32g0xx_it.o(i.DMA1_Channel1_IRQHandler) refers to stm32g0xx_hal_dma.o(i.HAL_DMA_IRQHandler) for HAL_DMA_IRQHandler
    stm32g0xx_it.o(i.DMA1_Channel1_IRQHandler) refers to main.o(.bss) for hdma_spi2_tx
[...]
    i.on_animation_play_end                  0x08004cf0   Section        0  ui_context.o(i.on_animation_play_end)
    i.on_button_touch_event                  0x08004d18   Section        0  ui_context.o(i.on_button_touch_event)
    i.on_increment_change                    0x08004d44   Section        0  usermain.o(i.on_increment_change)
    i.on_page_open                           0x08004d48   Section        0  ui_context.o(i.on_page_open)
    i.on_progress_changed                    0x08004d68   Section        0  ui_context.o(i.on_progress_changed)
    i.on_timer                               0x08004d94   Section        0  ui_context.o(i.on_timer)
    i.procEncode                             0x08004dc0   Section        0  inputkey.o(i.procEncode)
    i.procKey                                0x08004e40   Section        0  inputkey.o(i.procKey)
    i.procMsg                                0x08004f74   Section        0  uartupgradedev.o(i.procMsg)
    procMsg                                  0x08004f75   Thumb Code    12  uartupgradedev.o(i.procMsg)
    i.procMsg                                0x08004f80   Section        0  uartcomm.o(i.procMsg)
    procMsg                                  0x08004f81   Thumb Code    12  uartcomm.o(i.procMsg)
    i.procOtherMsg                           0x08004f8c   Section        0  other_app.o(i.procOtherMsg)
    i.procUartDGUS                           0x08004fa0   Section        0  uartcomm.o(i.procUartDGUS)
    procUartDGUS                             0x08004fa1   Thumb Code    88  uartcomm.o(i.procUartDGUS)
    i.procUartUpdateReq                      0x08005008   Section        0  uartupgradedev.o(i.procUartUpdateReq)
    procUartUpdateReq                        0x08005009   Thumb Code   154  uartupgradedev.o(i.procUartUpdateReq)
    i.proc_time_set                          0x080050cc   Section        0  other_app.o(i.proc_time_set)
    i.proc_turn_value                        0x0800518c   Section        0  other_app.o(i.proc_turn_value)
    i.processUpgrade                         0x08005388   Section        0  uartupgradedev.o(i.processUpgrade)
    processUpgrade                           0x08005389   Thumb Code   530  uartupgradedev.o(i.processUpgrade)
    i.processUpgrade_simple                  0x080055ec   Section        0  uartupgradedev.o(i.processUpgrade_simple)
    processUpgrade_simple                    0x080055ed   Thumb Code   182  uartupgradedev.o(i.processUpgrade_simple)
    i.readData                               0x08005710   Section        0  serialflash.o(i.readData)
    i.readDataDMA                            0x08005838   Section        0  serialflash.o(i.readDataDMA)
    i.readDeviceId                           0x08005950   Section        0  serialflash.o(i.readDeviceId)
    i.readKey                                0x080059a4   Section        0  inputkey.o(i.readKey)
    i.readStatusRegister                     0x080059c0   Section        0  serialflash.o(i.readStatusRegister)
    readStatusRegister                       0x080059c1   Thumb Code    46  serialflash.o(i.readStatusRegister)
    i.sendPageProgram                        0x080059f4   Section        0  serialflash.o(i.sendPageProgram)
    sendPageProgram                          0x080059f5   Thumb Code    94  serialflash.o(i.sendPageProgram)
    i.sendSectorErase                        0x08005a58   Section        0  serialflash.o(i.sendSectorErase)
    sendSectorErase                          0x08005a59   Thumb Code    74  serialflash.o(i.sendSectorErase)
    i.sendWriteEnable                        0x08005aa8   Section        0  serialflash.o(i.sendWriteEnable)
    sendWriteEnable                          0x08005aa9   Thumb Code    32  serialflash.o(i.sendWriteEnable)
    i.setBackLightOff                        0x08005acc   Section        0  dev_pwm.o(i.setBackLightOff)
    i.setBackLightOn                         0x08005ae8   Section        0  dev_pwm.o(i.setBackLightOn)
    i.set_rgbled                             0x08005b08   Section        0  dev_rgbled.o(i.set_rgbled)
    i.set_work_time                          0x08005b28   Section        0  other_app.o(i.set_work_time)
    i.timer_check                            0x08005b4c   Section        0  sdl_timer.o(i.timer_check)
    i.timer_deinit                           0x08005b7c   Section        0  sdl_timer.o(i.timer_deinit)
    i.timer_init                             0x08005b80   Section        0  sdl_timer.o(i.timer_init)
    i.ui_main01_on_animation_play_end        0x08005bc8   Section        0  main01.o(i.ui_main01_on_animation_play_end)
    i.ui_main01_on_button_touch_event        0x08005bca   Section        0  main01.o(i.ui_main01_on_button_touch_event)
    i.ui_main01_on_page_open                 0x08005bcc   Section        0  main01.o(i.ui_main01_on_page_open)
    i.ui_main01_on_progress_changed          0x08005c10   Section        0  main01.o(i.ui_main01_on_progress_changed)
    i.ui_main01_on_timer                     0x08005c12   Section        0  main01.o(i.ui_main01_on_timer)
    i.ui_main02_on_animation_play_end        0x08005c14   Section        0  main02.o(i.ui_main02_on_animation_play_end)
    i.ui_main02_on_button_touch_event        0x08005c16   Section        0  main02.o(i.ui_main02_on_button_touch_event)
    i.ui_main02_on_page_open                 0x08005c18   Section        0  main02.o(i.ui_main02_on_page_open)
    i.ui_main02_on_progress_changed          0x08005c5c   Section        0  main02.o(i.ui_main02_on_progress_changed)
    i.ui_main02_on_timer                     0x08005c5e   Section        0  main02.o(i.ui_main02_on_timer)
    i.ui_main03_on_animation_play_end        0x08005c60   Section        0  main03.o(i.ui_main03_on_animation_play_end)
    i.ui_main03_on_button_touch_event        0x08005c62   Section        0  main03.o(i.ui_main03_on_button_touch_event)
    i.ui_main03_on_page_open                 0x08005c64   Section        0  main03.o(i.ui_main03_on_page_open)
    i.ui_main03_on_progress_changed          0x08005c66   Section        0  main03.o(i.ui_main03_on_progress_changed)
    i.ui_main03_on_timer                     0x08005c68   Section        0  main03.o(i.ui_main03_on_timer)
    i.ui_main04_on_animation_play_end        0x08005c6a   Section        0  main04.o(i.ui_main04_on_animation_play_end)
    i.ui_main04_on_button_touch_event        0x08005c6c   Section        0  main04.o(i.ui_main04_on_button_touch_event)
    i.ui_main04_on_page_open                 0x08005c70   Section        0  main04.o(i.ui_main04_on_page_open)
    i.ui_main04_on_progress_changed          0x08005cc4   Section        0  main04.o(i.ui_main04_on_progress_changed)
    i.ui_main04_on_timer                     0x08005cc6   Section        0  main04.o(i.ui_main04_on_timer)
    i.ui_main05_on_animation_play_end        0x08005cc8   Section        0  main05.o(i.ui_main05_on_animation_play_end)
    i.ui_main05_on_button_touch_event        0x08005cca   Section        0  main05.o(i.ui_main05_on_button_touch_event)
    i.ui_main05_on_page_open                 0x08005ccc   Section        0  main05.o(i.ui_main05_on_page_open)
    i.ui_main05_on_progress_changed          0x08005cd6   Section        0  main05.o(i.ui_main05_on_progress_changed)
    i.ui_main05_on_timer                     0x08005cd8   Section        0  main05.o(i.ui_main05_on_timer)
    i.ui_main06_on_animation_play_end        0x08005cee   Section        0  main06.o(i.ui_main06_on_animation_play_end)
    i.ui_main06_on_button_touch_event        0x08005cf0   Section        0  main06.o(i.ui_main06_on_button_touch_event)
    i.ui_main06_on_page_open                 0x08005cf2   Section        0  main06.o(i.ui_main06_on_page_open)
    i.ui_main06_on_progress_changed          0x08005cf4   Section        0  main06.o(i.ui_main06_on_progress_changed)
    i.ui_main06_on_timer                     0x08005cf6   Section        0  main06.o(i.ui_main06_on_timer)
    i.ui_main_on_animation_play_end          0x08005cf8   Section        0  main_1.o(i.ui_main_on_animation_play_end)
    i.ui_main_on_button_touch_event          0x08005cfa   Section        0  main_1.o(i.ui_main_on_button_touch_event)
    i.ui_main_on_page_open                   0x08005cfc   Section        0  main_1.o(i.ui_main_on_page_open)
    i.ui_main_on_progress_changed            0x08005d20   Section        0  main_1.o(i.ui_main_on_progress_changed)
    i.ui_main_on_timer                       0x08005d22   Section        0  main_1.o(i.ui_main_on_timer)
    i.ui_proc_keyevent                       0x08005d24   Section        0  other_app.o(i.ui_proc_keyevent)
    i.user_init                              0x08005efc   Section        0  usermain.o(i.user_init)
    i.user_loop                              0x08006010   Section        0  usermain.o(i.user_loop)
    i.video_deinit                           0x08006174   Section        0  video.o(i.video_deinit)
    i.video_flip                             0x08006176   Section        0  video.o(i.video_flip)
    i.video_init                             0x08006178   Section        0  video.o(i.video_init)
    i.wash_working_count_down                0x080066a4   Section        0  other_app.o(i.wash_working_count_down)
    .constdata                               0x080066c4   Section       64  system_stm32g0xx.o(.constdata)
    .constdata                               0x08006704   Section       32  system_stm32g0xx.o(.constdata)
    .constdata                               0x08006724   Section        8  sdl_timer.o(.constdata)
    .constdata                               0x0800672c   Section       24  serialflash.o(.constdata)
    .constdata                               0x08006744   Section       20  other_app.o(.constdata)
    .constdata                               0x08006758   Section       76  usermain.o(.constdata)
    .constdata                               0x080067a4   Section       20  uartupgradedev.o(.constdata)
    .constdata                               0x080067b8   Section       20  uartcomm.o(.constdata)
    .constdata                               0x080067cc   Section      140  ui_context.o(.constdata)
    .data                                    0x20000600   Section       12  stm32g0xx_hal.o(.data)
    .data                                    0x2000060c   Section        4  system_stm32g0xx.o(.data)
    .data                                    0x20000610   Section        7  dev_rgbled.o(.data)
    f                                        0x20000610   Data           1  dev_rgbled.o(.data)
    rgbled_pwm_str                           0x20000611   Data           6  dev_rgbled.o(.data)
    .data                                    0x20000618   Section        8  sdl_timer.o(.data)
    s_last_ticks_10ms                        0x20000618   Data           4  sdl_timer.o(.data)
    s_ticks_count_10ms                       0x2000061c   Data           4  sdl_timer.o(.data)
    .data                                    0x20000620   Section        2  serialflash.o(.data)
    isReceivingData                          0x20000620   Data           1  serialflash.o(.data)
    .data                                    0x20000622   Section        8  inputkey.o(.data)
    keystatus                                0x20000622   Data           1  inputkey.o(.data)
    keyValue                                 0x20000623   Data           1  inputkey.o(.data)
    lastkey                                  0x20000624   Data           1  inputkey.o(.data)
    keypressTimer                            0x20000628   Data           2  inputkey.o(.data)
    .data                                    0x2000062c   Section       98  other_app.o(.data)
    last_flag                                0x2000062c   Data           1  other_app.o(.data)
    dis_flag                                 0x2000062d   Data           1  other_app.o(.data)
    last_time                                0x2000062e   Data           2  other_app.o(.data)
    systick                                  0x20000630   Data           4  other_app.o(.data)
    lastVal                                  0x20000634   Data           4  other_app.o(.data)
    .data                                    0x20000690   Section       44  usermain.o(.data)
    tick5ms                                  0x20000694   Data           4  usermain.o(.data)
    tick10ms                                 0x20000698   Data           4  usermain.o(.data)
    tick50ms                                 0x2000069c   Data           4  usermain.o(.data)
    tick100ms                                0x200006a0   Data           4  usermain.o(.data)
    tick500ms                                0x200006a4   Data           4  usermain.o(.data)
    tick1s                                   0x200006a8   Data           4  usermain.o(.data)
    tick60s                                  0x200006ac   Data           4  usermain.o(.data)
    systick                                  0x200006b0   Data           4  usermain.o(.data)
    .data                                    0x200006bc   Section        1  proc_cmd.o(.data)
    count                                    0x200006bc   Data           1  proc_cmd.o(.data)
    .data                                    0x200006c0   Section        4  stdout.o(.data)
    .bss                                     0x200006c4   Section      480  main.o(.bss)
    .bss                                     0x200008a4   Section       92  main.o(.bss)
    .bss                                     0x20000900   Section       92  main.o(.bss)
    .bss                                     0x2000095c   Section       92  main.o(.bss)
    .bss                                     0x200009b8   Section       64  main.o(.bss)
    .bss                                     0x200009f8   Section       64  dev_time17.o(.bss)
    .bss                                     0x20000a38   Section       64  dev_rgbled.o(.bss)
    .bss                                     0x20000a78   Section     1024  usermain.o(.bss)
    .bss                                     0x20000e78   Section      568  uartupgradedev.o(.bss)
    headtab                                  0x20000e78   Data          18  uartupgradedev.o(.bss)
    rxbuff                                   0x20000e8a   Data         530  uartupgradedev.o(.bss)
    ring                                     0x2000109c   Data          20  uartupgradedev.o(.bss)
    .bss                                     0x200010b0   Section      276  uartcomm.o(.bss)
    rxbuff                                   0x200010b0   Data         256  uartcomm.o(.bss)
    mainring                                 0x200011b0   Data          20  uartcomm.o(.bss)
    STACK                                    0x200011c8   Section     1024  startup_stm32g030xx.o(STACK)

    Global Symbols

    Symbol Name                              Value     Ov Type        Size  Object(Section)

    BuildAttributes$$THM_ISAv3M$S$PE$A:L22$X:L11$S22$IEEE1$IW$USESV6$~STKCKD$USESV7$~SHL$OSPACE$ROPI$EBA8$MICROLIB$REQ8$PRES8$EABIv2 0x00000000   Number         0  anon$$obj.o ABSOLUTE
    __ARM_use_no_argv                        0x00000000   Number         0  main.o ABSOLUTE
    _printf_a                                0x00000000   Number         0  stubs.o ABSOLUTE
    _printf_c                                0x00000000   Number         0  stubs.o ABSOLUTE
    _printf_charcount                        0x00000000   Number         0  stubs.o ABSOLUTE
    _printf_d                                0x00000000   Number         0  stubs.o ABSOLUTE
    _printf_e                                0x00000000   Number         0  stubs.o ABSOLUTE
    _printf_f                                0x00000000   Number         0  stubs.o ABSOLUTE
    _printf_flags                            0x00000000   Number         0  stubs.o ABSOLUTE
    _printf_fp_dec                           0x00000000   Number         0  stubs.o ABSOLUTE
    _printf_fp_hex                           0x00000000   Number         0  stubs.o ABSOLUTE
    _printf_g                                0x00000000   Number         0  stubs.o ABSOLUTE
    _printf_i                                0x00000000   Number         0  stubs.o ABSOLUTE
    _printf_int_dec                          0x00000000   Number         0  stubs.o ABSOLUTE
    _printf_l                                0x00000000   Number         0  stubs.o ABSOLUTE
    _printf_lc                               0x00000000   Number         0  stubs.o ABSOLUTE
    _printf_ll                               0x00000000   Number         0  stubs.o ABSOLUTE
    _printf_lld                              0x00000000   Number         0  stubs.o ABSOLUTE
    _printf_lli                              0x00000000   Number         0  stubs.o ABSOLUTE
    _printf_llo                              0x00000000   Number         0  stubs.o ABSOLUTE
    _printf_llu                              0x00000000   Number         0  stubs.o ABSOLUTE
    _printf_llx                              0x00000000   Number         0  stubs.o ABSOLUTE
    _printf_longlong_dec                     0x00000000   Number         0  stubs.o ABSOLUTE
    _printf_longlong_hex                     0x00000000   Number         0  stubs.o ABSOLUTE
    _printf_longlong_oct                     0x00000000   Number         0  stubs.o ABSOLUTE
    _printf_ls                               0x00000000   Number         0  stubs.o ABSOLUTE
    _printf_mbtowc                           0x00000000   Number         0  stubs.o ABSOLUTE
    _printf_n                                0x00000000   Number         0  stubs.o ABSOLUTE
    _printf_o                                0x00000000   Number         0  stubs.o ABSOLUTE
    _printf_p                                0x00000000   Number         0  stubs.o ABSOLUTE
    _printf_percent                          0x00000000   Number         0  stubs.o ABSOLUTE
    _printf_pre_padding                      0x00000000   Number         0  stubs.o ABSOLUTE
    _printf_return_value                     0x00000000   Number         0  stubs.o ABSOLUTE
    _printf_s                                0x00000000   Number         0  stubs.o ABSOLUTE
    _printf_sizespec                         0x00000000   Number         0  stubs.o ABSOLUTE
    _printf_str                              0x00000000   Number         0  stubs.o ABSOLUTE
    _printf_truncate_signed                  0x00000000   Number         0  stubs.o ABSOLUTE
    _printf_truncate_unsigned                0x00000000   Number         0  stubs.o ABSOLUTE
    _printf_u                                0x00000000   Number         0  stubs.o ABSOLUTE
    _printf_wc                               0x00000000   Number         0  stubs.o ABSOLUTE
    _printf_wctomb                           0x00000000   Number         0  stubs.o ABSOLUTE
    _printf_widthprec                        0x00000000   Number         0  stubs.o ABSOLUTE
    _printf_x                                0x00000000   Number         0  stubs.o ABSOLUTE
    __cpp_initialize__aeabi_                  - Undefined Weak Reference
    __cxa_finalize                            - Undefined Weak Reference
    __decompress                              - Undefined Weak Reference
    _clock_init                               - Undefined Weak Reference
    _microlib_exit                            - Undefined Weak Reference
    __Vectors_Size                           0x000000c0   Number         0  startup_stm32g030xx.o ABSOLUTE
    __Vectors                                0x08001000   Data           4  startup_stm32g030xx.o(RESET)
    __Vectors_End                            0x080010c0   Data           0  startup_stm32g030xx.o(RESET)
    __main                                   0x080010c1   Thumb Code     0  entry.o(.ARM.Collect$$$$00000000)
    _main_stk                                0x080010c1   Thumb Code     0  entry2.o(.ARM.Collect$$$$00000001)
    _main_scatterload                        0x080010c5   Thumb Code     0  entry5.o(.ARM.Collect$$$$00000004)
    __main_after_scatterload                 0x080010c9   Thumb Code     0  entry5.o(.ARM.Collect$$$$00000004)
    _main_clock                              0x080010c9   Thumb Code     0  entry7b.o(.ARM.Collect$$$$00000008)
    _main_cpp_init                           0x080010c9   Thumb Code     0  entry8b.o(.ARM.Collect$$$$0000000A)
    _main_init                               0x080010c9   Thumb Code     0  entry9a.o(.ARM.Collect$$$$0000000B)
    __rt_final_cpp                           0x080010d1   Thumb Code     0  entry10a.o(.ARM.Collect$$$$0000000D)
    __rt_final_exit                          0x080010d1   Thumb Code     0  entry11a.o(.ARM.Collect$$$$0000000F)
    Reset_Handler                            0x080010d5   Thumb Code     8  startup_stm32g030xx.o(.text)
    ADC1_IRQHandler                          0x080010e7   Thumb Code     0  startup_stm32g030xx.o(.text)
    DMA1_Ch4_5_DMAMUX1_OVR_IRQHandler        0x080010e7   Thumb Code     0  startup_stm32g030xx.o(.text)
    EXTI0_1_IRQHandler                       0x080010e7   Thumb Code     0  startup_stm32g030xx.o(.text)
    EXTI2_3_IRQHandler                       0x080010e7   Thumb Code     0  startup_stm32g030xx.o(.text)
    FLASH_IRQHandler                         0x080010e7   Thumb Code     0  startup_stm32g030xx.o(.text)
    I2C1_IRQHandler                          0x080010e7   Thumb Code     0  startup_stm32g030xx.o(.text)
    I2C2_IRQHandler                          0x080010e7   Thumb Code     0  startup_stm32g030xx.o(.text)
    RCC_IRQHandler                           0x080010e7   Thumb Code     0  startup_stm32g030xx.o(.text)
    RTC_TAMP_IRQHandler                      0x080010e7   Thumb Code     0  startup_stm32g030xx.o(.text)
    SPI1_IRQHandler                          0x080010e7   Thumb Code     0  startup_stm32g030xx.o(.text)
    SPI2_IRQHandler                          0x080010e7   Thumb Code     0  startup_stm32g030xx.o(.text)
    TIM14_IRQHandler                         0x080010e7   Thumb Code     0  startup_stm32g030xx.o(.text)
    TIM1_BRK_UP_TRG_COM_IRQHandler           0x080010e7   Thumb Code     0  startup_stm32g030xx.o(.text)
    TIM1_CC_IRQHandler                       0x080010e7   Thumb Code     0  startup_stm32g030xx.o(.text)
    TIM3_IRQHandler                          0x080010e7   Thumb Code     0  startup_stm32g030xx.o(.text)
    WWDG_IRQHandler                          0x080010e7   Thumb Code     0  startup_stm32g030xx.o(.text)
    __aeabi_uidiv                            0x080010f1   Thumb Code     0  uidiv.o(.text)
    __aeabi_uidivmod                         0x080010f1   Thumb Code    44  uidiv.o(.text)
    __aeabi_idiv                             0x0800111d   Thumb Code     0  idiv.o(.text)
    __aeabi_idivmod                          0x0800111d   Thumb Code    40  idiv.o(.text)
    __aeabi_memcpy                           0x08001145   Thumb Code    36  memcpya.o(.text)
    __aeabi_memcpy4                          0x08001145   Thumb Code     0  memcpya.o(.text)
    __aeabi_memcpy8                          0x08001145   Thumb Code     0  memcpya.o(.text)
    __aeabi_memset                           0x08001169   Thumb Code    14  memseta.o(.text)
    __aeabi_memset4                          0x08001169   Thumb Code     0  memseta.o(.text)
    __aeabi_memset8                          0x08001169   Thumb Code     0  memseta.o(.text)
    __aeabi_memclr                           0x08001177   Thumb Code     4  memseta.o(.text)
    __aeabi_memclr4                          0x08001177   Thumb Code     0  memseta.o(.text)
    __aeabi_memclr8                          0x08001177   Thumb Code     0  memseta.o(.text)
    _memset$wrapper                          0x0800117b   Thumb Code    18  memseta.o(.text)
    __aeabi_uldivmod                         0x0800118d   Thumb Code    96  uldiv.o(.text)
    __I$use$fp                               0x080011ed   Thumb Code     0  iusefp.o(.text)
    __aeabi_dadd                             0x080011ed   Thumb Code   328  dadd.o(.text)
    __aeabi_dsub                             0x08001335   Thumb Code    12  dadd.o(.text)
    __aeabi_drsub                            0x08001341   Thumb Code    12  dadd.o(.text)
    __aeabi_dmul                             0x08001351   Thumb Code   202  dmul.o(.text)
    __aeabi_ddiv                             0x08001421   Thumb Code   234  ddiv.o(.text)
    __aeabi_d2ulz                            0x08001511   Thumb Code    54  dfixul.o(.text)
    __aeabi_cdrcmple                         0x08001551   Thumb Code    38  cdrcmple.o(.text)
    __scatterload                            0x08001579   Thumb Code    28  init.o(.text)
    __scatterload_rt2                        0x08001579   Thumb Code     0  init.o(.text)
    __aeabi_llsl                             0x0800159d   Thumb Code    32  llshl.o(.text)
    _ll_shift_l                              0x0800159d   Thumb Code     0  llshl.o(.text)
    __aeabi_llsr                             0x080015bd   Thumb Code    34  llushr.o(.text)
    _ll_ushift_r                             0x080015bd   Thumb Code     0  llushr.o(.text)
    __aeabi_lasr                             0x080015df   Thumb Code    38  llsshr.o(.text)
    _ll_sshift_r                             0x080015df   Thumb Code     0  llsshr.o(.text)
    _double_round                            0x08001605   Thumb Code    26  depilogue.o(.text)
    _double_epilogue                         0x0800161f   Thumb Code   164  depilogue.o(.text)
    DEV_TIM3_Init                            0x0800173d   Thumb Code   216  dev_pwm.o(i.DEV_TIM3_Init)
    DMA1_Channel1_IRQHandler                 0x08001829   Thumb Code    10  stm32g0xx_it.o(i.DMA1_Channel1_IRQHandler)
    DMA1_Channel2_3_IRQHandler               0x08001839   Thumb Code     8  stm32g0xx_it.o(i.DMA1_Channel2_3_IRQHandler)
    DataReader_DMACallback                   0x08001895   Thumb Code    78  serialflash.o(i.DataReader_DMACallback)
    DeQueue                                  0x080018f5   Thumb Code    64  ring.o(i.DeQueue)
    EXTI4_15_IRQHandler                      0x08001935   Thumb Code    20  stm32g0xx_it.o(i.EXTI4_15_IRQHandler)
    EnQueueSignal                            0x08001949   Thumb Code    56  ring.o(i.EnQueueSignal)
    Error_Handler                            0x08001981   Thumb Code     4  main.o(i.Error_Handler)
    HAL_DMA_Abort_IT                         0x08001985   Thumb Code   122  stm32g0xx_hal_dma.o(i.HAL_DMA_Abort_IT)
    HAL_DMA_IRQHandler                       0x08001a05   Thumb Code   180  stm32g0xx_hal_dma.o(i.HAL_DMA_IRQHandler)
    HAL_DMA_Init                             0x08001abd   Thumb Code   152  stm32g0xx_hal_dma.o(i.HAL_DMA_Init)
    HAL_Delay                                0x08001b5d   Thumb Code    32  stm32g0xx_hal.o(i.HAL_Delay)
    HAL_GPIO_EXTI_Falling_Callback           0x08001b81   Thumb Code    44  inputkey.o(i.HAL_GPIO_EXTI_Falling_Callback)
    HAL_GPIO_EXTI_IRQHandler                 0x08001bb1   Thumb Code    36  stm32g0xx_hal_gpio.o(i.HAL_GPIO_EXTI_IRQHandler)
    HAL_GPIO_EXTI_Rising_Callback            0x08001bd9   Thumb Code    44  inputkey.o(i.HAL_GPIO_EXTI_Rising_Callback)
    HAL_GPIO_Init                            0x08001c09   Thumb Code   290  stm32g0xx_hal_gpio.o(i.HAL_GPIO_Init)
    HAL_GPIO_ReadPin                         0x08001d3d   Thumb Code    10  stm32g0xx_hal_gpio.o(i.HAL_GPIO_ReadPin)
    HAL_GPIO_WritePin                        0x08001d47   Thumb Code    12  stm32g0xx_hal_gpio.o(i.HAL_GPIO_WritePin)
    HAL_GetTick                              0x08001d55   Thumb Code     6  stm32g0xx_hal.o(i.HAL_GetTick)
    HAL_IncTick                              0x08001d61   Thumb Code    12  stm32g0xx_hal.o(i.HAL_IncTick)
    HAL_Init                                 0x08001d71   Thumb Code    36  stm32g0xx_hal.o(i.HAL_Init)
    HAL_InitTick                             0x08001d99   Thumb Code    64  stm32g0xx_hal.o(i.HAL_InitTick)
    HAL_MspInit                              0x08001de1   Thumb Code    38  stm32g0xx_hal_msp.o(i.HAL_MspInit)
    HAL_NVIC_DisableIRQ                      0x08001e0d   Thumb Code    26  stm32g0xx_hal_cortex.o(i.HAL_NVIC_DisableIRQ)
    HAL_NVIC_EnableIRQ                       0x08001e2d   Thumb Code    18  stm32g0xx_hal_cortex.o(i.HAL_NVIC_EnableIRQ)
    HAL_NVIC_SetPriority                     0x08001e45   Thumb Code     8  stm32g0xx_hal_cortex.o(i.HAL_NVIC_SetPriority)
    HAL_PWREx_ControlVoltageScaling          0x08001e4d   Thumb Code    62  stm32g0xx_hal_pwr_ex.o(i.HAL_PWREx_ControlVoltageScaling)
    HAL_RCCEx_PeriphCLKConfig                0x08001e99   Thumb Code   340  stm32g0xx_hal_rcc_ex.o(i.HAL_RCCEx_PeriphCLKConfig)
    HAL_RCC_ClockConfig                      0x08001ff9   Thumb Code   318  stm32g0xx_hal_rcc.o(i.HAL_RCC_ClockConfig)
    HAL_RCC_GetPCLK1Freq                     0x08002151   Thumb Code    26  stm32g0xx_hal_rcc.o(i.HAL_RCC_GetPCLK1Freq)
    HAL_RCC_GetSysClockFreq                  0x08002179   Thumb Code   130  stm32g0xx_hal_rcc.o(i.HAL_RCC_GetSysClockFreq)
    HAL_RCC_OscConfig                        0x08002205   Thumb Code   948  stm32g0xx_hal_rcc.o(i.HAL_RCC_OscConfig)
    HAL_SPI_Init                             0x080025dd   Thumb Code   184  stm32g0xx_hal_spi.o(i.HAL_SPI_Init)
    HAL_SPI_MspInit                          0x08002695   Thumb Code   290  stm32g0xx_hal_msp.o(i.HAL_SPI_MspInit)
    HAL_SYSTICK_Config                       0x080027d9   Thumb Code    38  stm32g0xx_hal_cortex.o(i.HAL_SYSTICK_Config)
    HAL_TIMEx_MasterConfigSynchronization    0x08002809   Thumb Code    76  stm32g0xx_hal_tim_ex.o(i.HAL_TIMEx_MasterConfigSynchronization)
    HAL_TIM_Base_Init                        0x08002859   Thumb Code    52  stm32g0xx_hal_tim.o(i.HAL_TIM_Base_Init)
    HAL_TIM_Base_MspInit                     0x0800288d   Thumb Code     2  stm32g0xx_hal_tim.o(i.HAL_TIM_Base_MspInit)
    HAL_TIM_Base_Start_IT                    0x08002891   Thumb Code    38  stm32g0xx_hal_tim.o(i.HAL_TIM_Base_Start_IT)
    HAL_TIM_ConfigClockSource                0x080028bd   Thumb Code   206  stm32g0xx_hal_tim.o(i.HAL_TIM_ConfigClockSource)
    HAL_TIM_PWM_ConfigChannel                0x08002991   Thumb Code   294  stm32g0xx_hal_tim.o(i.HAL_TIM_PWM_ConfigChannel)
    HAL_TIM_PWM_Init                         0x08002ab7   Thumb Code    52  stm32g0xx_hal_tim.o(i.HAL_TIM_PWM_Init)
    HAL_TIM_PWM_MspInit                      0x08002aeb   Thumb Code     2  stm32g0xx_hal_tim.o(i.HAL_TIM_PWM_MspInit)
    HAL_TIM_PWM_Start                        0x08002aed   Thumb Code    72  stm32g0xx_hal_tim.o(i.HAL_TIM_PWM_Start)
    HAL_TIM_PWM_Stop                         0x08002b45   Thumb Code    90  stm32g0xx_hal_tim.o(i.HAL_TIM_PWM_Stop)
    HAL_UARTEx_DisableFifoMode               0x08002bb1   Thumb Code    66  stm32g0xx_hal_uart_ex.o(i.HAL_UARTEx_DisableFifoMode)
    HAL_UARTEx_RxFifoFullCallback            0x08002bf3   Thumb Code     2  stm32g0xx_hal_uart_ex.o(i.HAL_UARTEx_RxFifoFullCallback)
    HAL_UARTEx_SetRxFifoThreshold            0x08002bf5   Thumb Code    76  stm32g0xx_hal_uart_ex.o(i.HAL_UARTEx_SetRxFifoThreshold)
    HAL_UARTEx_SetTxFifoThreshold            0x08002c41   Thumb Code    74  stm32g0xx_hal_uart_ex.o(i.HAL_UARTEx_SetTxFifoThreshold)
    HAL_UARTEx_TxFifoEmptyCallback           0x08002c8b   Thumb Code     2  stm32g0xx_hal_uart_ex.o(i.HAL_UARTEx_TxFifoEmptyCallback)
    HAL_UARTEx_WakeupCallback                0x08002c8d   Thumb Code     2  stm32g0xx_hal_uart_ex.o(i.HAL_UARTEx_WakeupCallback)
    HAL_UART_ErrorCallback                   0x08002c8f   Thumb Code     2  stm32g0xx_hal_uart.o(i.HAL_UART_ErrorCallback)
    HAL_UART_IRQHandler                      0x08002c91   Thumb Code   380  stm32g0xx_hal_uart.o(i.HAL_UART_IRQHandler)
    HAL_UART_Init                            0x08002e15   Thumb Code   112  stm32g0xx_hal_uart.o(i.HAL_UART_Init)
    HAL_UART_MspInit                         0x08002e85   Thumb Code   126  stm32g0xx_hal_msp.o(i.HAL_UART_MspInit)
    HAL_UART_Transmit                        0x08002f11   Thumb Code   216  stm32g0xx_hal_uart.o(i.HAL_UART_Transmit)
    HAL_UART_TxCpltCallback                  0x08002fe9   Thumb Code     2  stm32g0xx_hal_uart.o(i.HAL_UART_TxCpltCallback)
    HardFault_Handler                        0x08002feb   Thumb Code     2  stm32g0xx_it.o(i.HardFault_Handler)
    I_UART_Transmit                          0x08002fed   Thumb Code     8  uartupgradedev.o(i.I_UART_Transmit)
    InitQueue                                0x08002ff5   Thumb Code    30  ring.o(i.InitQueue)
    JumpToIAP                                0x08003015   Thumb Code    44  uartupgradedev.o(i.JumpToIAP)
    LCD_Clear                                0x08003059   Thumb Code    20  video.o(i.LCD_Clear)
    LCD_WR_DATA                              0x0800306d   Thumb Code    34  video.o(i.LCD_WR_DATA)
    LCD_WR_REG                               0x08003099   Thumb Code    34  video.o(i.LCD_WR_REG)
    MX_TIM17_Init                            0x080032c5   Thumb Code    80  dev_time17.o(i.MX_TIM17_Init)
    ModifyQueueFront                         0x080033cd   Thumb Code    28  ring.o(i.ModifyQueueFront)
    NMI_Handler                              0x080033e9   Thumb Code     2  stm32g0xx_it.o(i.NMI_Handler)
    PeekQueue                                0x080033eb   Thumb Code    62  ring.o(i.PeekQueue)
    PendSV_Handler                           0x08003429   Thumb Code     2  stm32g0xx_it.o(i.PendSV_Handler)
    QueueCount                               0x0800342b   Thumb Code     4  ring.o(i.QueueCount)
    QueueEmpty                               0x0800342f   Thumb Code    14  ring.o(i.QueueEmpty)
    QueueFull                                0x0800343d   Thumb Code    16  ring.o(i.QueueFull)
    RGBLED_Proc                              0x0800344d   Thumb Code    98  dev_rgbled.o(i.RGBLED_Proc)
    Rx_CRC_CCITT                             0x080034b9   Thumb Code    48  uartupgradedev.o(i.Rx_CRC_CCITT)
    SVC_Handler                              0x080034ed   Thumb Code     2  stm32g0xx_it.o(i.SVC_Handler)
    SerialFlash_EraseSize                    0x080034ef   Thumb Code    36  serialflash.o(i.SerialFlash_EraseSize)
    SerialFlash_ProgramInfo                  0x08003513   Thumb Code    32  serialflash.o(i.SerialFlash_ProgramInfo)
    SysTick_Handler                          0x08003533   Thumb Code     8  stm32g0xx_it.o(i.SysTick_Handler)
    SystemClock_Config                       0x0800353b   Thumb Code   134  main.o(i.SystemClock_Config)
    SystemInit                               0x080035c1   Thumb Code    10  system_stm32g0xx.o(i.SystemInit)
    TIM16_IRQHandler                         0x080035d1   Thumb Code    18  dev_rgbled.o(i.TIM16_IRQHandler)
    TIM17_IRQHandler                         0x080035e9   Thumb Code    22  dev_time17.o(i.TIM17_IRQHandler)
    TIM_Base_SetConfig                       0x08003605   Thumb Code   102  stm32g0xx_hal_tim.o(i.TIM_Base_SetConfig)
    TIM_CCxChannelCmd                        0x08003681   Thumb Code    26  stm32g0xx_hal_tim.o(i.TIM_CCxChannelCmd)
    TIM_ETR_SetConfig                        0x0800369b   Thumb Code    22  stm32g0xx_hal_tim.o(i.TIM_ETR_SetConfig)
    TIM_OC2_SetConfig                        0x08003741   Thumb Code   110  stm32g0xx_hal_tim.o(i.TIM_OC2_SetConfig)
    UART_AdvFeatureConfig                    0x08003a15   Thumb Code   202  stm32g0xx_hal_uart.o(i.UART_AdvFeatureConfig)
    UART_CheckIdleState                      0x08003ae1   Thumb Code    94  stm32g0xx_hal_uart.o(i.UART_CheckIdleState)
    UART_SetConfig                           0x08003b81   Thumb Code   718  stm32g0xx_hal_uart.o(i.UART_SetConfig)
    UART_WaitOnFlagUntilTimeout              0x08003e6d   Thumb Code   100  stm32g0xx_hal_uart.o(i.UART_WaitOnFlagUntilTimeout)
    USART1_IRQHandler                        0x08003ed1   Thumb Code    40  uartcomm.o(i.USART1_IRQHandler)
    USART2_IRQHandler                        0x08003f01   Thumb Code    40  uartupgradedev.o(i.USART2_IRQHandler)
    __0printf                                0x08003f31   Thumb Code    24  printfa.o(i.__0printf)
    __1printf                                0x08003f31   Thumb Code     0  printfa.o(i.__0printf)
    __2printf                                0x08003f31   Thumb Code     0  printfa.o(i.__0printf)
    __c89printf                              0x08003f31   Thumb Code     0  printfa.o(i.__0printf)
    printf                                   0x08003f31   Thumb Code     0  printfa.o(i.__0printf)
    __0sprintf                               0x08003f51   Thumb Code    36  printfa.o(i.__0sprintf)
    __1sprintf                               0x08003f51   Thumb Code     0  printfa.o(i.__0sprintf)
    __2sprintf                               0x08003f51   Thumb Code     0  printfa.o(i.__0sprintf)
    __c89sprintf                             0x08003f51   Thumb Code     0  printfa.o(i.__0sprintf)
    sprintf                                  0x08003f51   Thumb Code     0  printfa.o(i.__0sprintf)
    __ARM_clz                                0x08003f79   Thumb Code    46  depilogue.o(i.__ARM_clz)
    __ARM_common_switch8                     0x08003fa7   Thumb Code    26  stm32g0xx_hal_dma.o(i.__ARM_common_switch8)
    __scatterload_copy                       0x08004005   Thumb Code    14  handlers.o(i.__scatterload_copy)
    __scatterload_null                       0x08004013   Thumb Code     2  handlers.o(i.__scatterload_null)
    __scatterload_zeroinit                   0x08004015   Thumb Code    14  handlers.o(i.__scatterload_zeroinit)
    _char_offset                             0x08004023   Thumb Code    20  other_app.o(i._char_offset)
    check_start_wash                         0x080048f1   Thumb Code    52  other_app.o(i.check_start_wash)
    check_timing_wash                        0x08004929   Thumb Code    30  other_app.o(i.check_timing_wash)
    dev_rgbLed_init                          0x08004951   Thumb Code    28  dev_rgbled.o(i.dev_rgbLed_init)
    dgus_cmdpro                              0x08004971   Thumb Code   134  proc_cmd.o(i.dgus_cmdpro)
    display_work_time                        0x08004aa1   Thumb Code   186  other_app.o(i.display_work_time)
    event_deinit                             0x08004b69   Thumb Code     2  sdl_event.o(i.event_deinit)
    event_init                               0x08004b6b   Thumb Code     4  sdl_event.o(i.event_init)
    event_poll                               0x08004b6f   Thumb Code     4  sdl_event.o(i.event_poll)
    fly_flash_init                           0x08004b75   Thumb Code    22  serialflash.o(i.fly_flash_init)
    fputc                                    0x08004b91   Thumb Code    26  uartupgradedev.o(i.fputc)
    fy_flash_dmainit                         0x08004bb1   Thumb Code     2  serialflash.o(i.fy_flash_dmainit)
    fy_flash_erase_block                     0x08004bb3   Thumb Code     8  serialflash.o(i.fy_flash_erase_block)
    fy_flash_isreceiveing                    0x08004bbd   Thumb Code     6  serialflash.o(i.fy_flash_isreceiveing)
    fy_flash_page_write                      0x08004bc9   Thumb Code     8  serialflash.o(i.fy_flash_page_write)
    fy_flash_waitreceive_done                0x08004bd1   Thumb Code    10  serialflash.o(i.fy_flash_waitreceive_done)
    init_other                               0x08004be1   Thumb Code     2  other_app.o(i.init_other)
    loadDev                                  0x08004c3d   Thumb Code    18  devmodule.o(i.loadDev)
    main                                     0x08004c51   Thumb Code    96  main.o(i.main)
    num_operator                             0x08004cbd   Thumb Code    52  other_app.o(i.num_operator)
    on_animation_play_end                    0x08004cf1   Thumb Code    34  ui_context.o(i.on_animation_play_end)
    on_button_touch_event                    0x08004d19   Thumb Code    38  ui_context.o(i.on_button_touch_event)
    on_increment_change                      0x08004d45   Thumb Code     2  usermain.o(i.on_increment_change)
    on_page_open                             0x08004d49   Thumb Code    28  ui_context.o(i.on_page_open)
    on_progress_changed                      0x08004d69   Thumb Code    38  ui_context.o(i.on_progress_changed)
    on_timer                                 0x08004d95   Thumb Code    38  ui_context.o(i.on_timer)
    procEncode                               0x08004dc1   Thumb Code    78  inputkey.o(i.procEncode)
    procKey                                  0x08004e41   Thumb Code   174  inputkey.o(i.procKey)
    procOtherMsg                             0x08004f8d   Thumb Code    18  other_app.o(i.procOtherMsg)
    proc_time_set                            0x080050cd   Thumb Code   186  other_app.o(i.proc_time_set)
    proc_turn_value                          0x0800518d   Thumb Code   494  other_app.o(i.proc_turn_value)
    readData                                 0x08005711   Thumb Code   284  serialflash.o(i.readData)
    readDataDMA                              0x08005839   Thumb Code   258  serialflash.o(i.readDataDMA)
    readDeviceId                             0x08005951   Thumb Code    78  serialflash.o(i.readDeviceId)
    readKey                                  0x080059a5   Thumb Code    26  inputkey.o(i.readKey)
    setBackLightOff                          0x08005acd   Thumb Code    18  dev_pwm.o(i.setBackLightOff)
    setBackLightOn                           0x08005ae9   Thumb Code    18  dev_pwm.o(i.setBackLightOn)
    set_rgbled                               0x08005b09   Thumb Code    28  dev_rgbled.o(i.set_rgbled)
    set_work_time                            0x08005b29   Thumb Code    32  other_app.o(i.set_work_time)
    timer_check                              0x08005b4d   Thumb Code    40  sdl_timer.o(i.timer_check)
    timer_deinit                             0x08005b7d   Thumb Code     2  sdl_timer.o(i.timer_deinit)
    timer_init                               0x08005b81   Thumb Code    30  sdl_timer.o(i.timer_init)
    ui_main01_on_animation_play_end          0x08005bc9   Thumb Code     2  main01.o(i.ui_main01_on_animation_play_end)
    ui_main01_on_button_touch_event          0x08005bcb   Thumb Code     2  main01.o(i.ui_main01_on_button_touch_event)
    ui_main01_on_page_open                   0x08005bcd   Thumb Code    64  main01.o(i.ui_main01_on_page_open)
    ui_main01_on_progress_changed            0x08005c11   Thumb Code     2  main01.o(i.ui_main01_on_progress_changed)
    ui_main01_on_timer                       0x08005c13   Thumb Code     2  main01.o(i.ui_main01_on_timer)
    ui_main02_on_animation_play_end          0x08005c15   Thumb Code     2  main02.o(i.ui_main02_on_animation_play_end)
    ui_main02_on_button_touch_event          0x08005c17   Thumb Code     2  main02.o(i.ui_main02_on_button_touch_event)
    ui_main02_on_page_open                   0x08005c19   Thumb Code    64  main02.o(i.ui_main02_on_page_open)
    ui_main02_on_progress_changed            0x08005c5d   Thumb Code     2  main02.o(i.ui_main02_on_progress_changed)
    ui_main02_on_timer                       0x08005c5f   Thumb Code     2  main02.o(i.ui_main02_on_timer)
    ui_main03_on_animation_play_end          0x08005c61   Thumb Code     2  main03.o(i.ui_main03_on_animation_play_end)
    ui_main03_on_button_touch_event          0x08005c63   Thumb Code     2  main03.o(i.ui_main03_on_button_touch_event)
    ui_main03_on_page_open                   0x08005c65   Thumb Code     2  main03.o(i.ui_main03_on_page_open)
    ui_main03_on_progress_changed            0x08005c67   Thumb Code     2  main03.o(i.ui_main03_on_progress_changed)
    ui_main03_on_timer                       0x08005c69   Thumb Code     2  main03.o(i.ui_main03_on_timer)
    ui_main04_on_animation_play_end          0x08005c6b   Thumb Code     2  main04.o(i.ui_main04_on_animation_play_end)
    ui_main04_on_button_touch_event          0x08005c6d   Thumb Code     2  main04.o(i.ui_main04_on_button_touch_event)
    ui_main04_on_page_open                   0x08005c71   Thumb Code    70  main04.o(i.ui_main04_on_page_open)
    ui_main04_on_progress_changed            0x08005cc5   Thumb Code     2  main04.o(i.ui_main04_on_progress_changed)
    ui_main04_on_timer                       0x08005cc7   Thumb Code     2  main04.o(i.ui_main04_on_timer)
    ui_main05_on_animation_play_end          0x08005cc9   Thumb Code     2  main05.o(i.ui_main05_on_animation_play_end)
    ui_main05_on_button_touch_event          0x08005ccb   Thumb Code     2  main05.o(i.ui_main05_on_button_touch_event)
    ui_main05_on_page_open                   0x08005ccd   Thumb Code    10  main05.o(i.ui_main05_on_page_open)
    ui_main05_on_progress_changed            0x08005cd7   Thumb Code     2  main05.o(i.ui_main05_on_progress_changed)
    ui_main05_on_timer                       0x08005cd9   Thumb Code    22  main05.o(i.ui_main05_on_timer)
    ui_main06_on_animation_play_end          0x08005cef   Thumb Code     2  main06.o(i.ui_main06_on_animation_play_end)
    ui_main06_on_button_touch_event          0x08005cf1   Thumb Code     2  main06.o(i.ui_main06_on_button_touch_event)
    ui_main06_on_page_open                   0x08005cf3   Thumb Code     2  main06.o(i.ui_main06_on_page_open)
    ui_main06_on_progress_changed            0x08005cf5   Thumb Code     2  main06.o(i.ui_main06_on_progress_changed)
    ui_main06_on_timer                       0x08005cf7   Thumb Code     2  main06.o(i.ui_main06_on_timer)
    ui_main_on_animation_play_end            0x08005cf9   Thumb Code     2  main_1.o(i.ui_main_on_animation_play_end)
    ui_main_on_button_touch_event            0x08005cfb   Thumb Code     2  main_1.o(i.ui_main_on_button_touch_event)
    ui_main_on_page_open                     0x08005cfd   Thumb Code    32  main_1.o(i.ui_main_on_page_open)
    ui_main_on_progress_changed              0x08005d21   Thumb Code     2  main_1.o(i.ui_main_on_progress_changed)
    ui_main_on_timer                         0x08005d23   Thumb Code     2  main_1.o(i.ui_main_on_timer)
    ui_proc_keyevent                         0x08005d25   Thumb Code   468  other_app.o(i.ui_proc_keyevent)
    user_init                                0x08005efd   Thumb Code   206  usermain.o(i.user_init)
    user_loop                                0x08006011   Thumb Code   336  usermain.o(i.user_loop)
    video_deinit                             0x08006175   Thumb Code     2  video.o(i.video_deinit)
    video_flip                               0x08006177   Thumb Code     2  video.o(i.video_flip)
    video_init                               0x08006179   Thumb Code  1322  video.o(i.video_init)
    wash_working_count_down                  0x080066a5   Thumb Code    26  other_app.o(i.wash_working_count_down)
    AHBPrescTable                            0x080066c4   Data          64  system_stm32g0xx.o(.constdata)
    APBPrescTable                            0x08006704   Data          32  system_stm32g0xx.o(.constdata)
    m_flash                                  0x0800672c   Data          24  serialflash.o(.constdata)
    otherapp                                 0x08006744   Data          20  other_app.o(.constdata)
    cbs                                      0x08006758   Data          64  usermain.o(.constdata)
    dev_uartupgrade                          0x080067a4   Data          20  uartupgradedev.o(.constdata)
    dev_uart1                                0x080067b8   Data          20  uartcomm.o(.constdata)
    Region$$Table$$Base                      0x08006858   Number         0  anon$$obj.o(Region$$Table)
    Region$$Table$$Limit                     0x08006878   Number         0  anon$$obj.o(Region$$Table)
    LCD_Fill                                 0x0800c179   Thumb Code     0  flythings_symbol.txt ABSOLUTE
    animation_proc                           0x0800d07d   Thumb Code     0  flythings_symbol.txt ABSOLUTE
    animation_reset                          0x0800d155   Thumb Code     0  flythings_symbol.txt ABSOLUTE
    animation_start                          0x0800d169   Thumb Code     0  flythings_symbol.txt ABSOLUTE
    animation_stop                           0x0800d175   Thumb Code     0  flythings_symbol.txt ABSOLUTE
    button_proc                              0x0800d1f1   Thumb Code     0  flythings_symbol.txt ABSOLUTE
    button_switch                            0x0800d285   Thumb Code     0  flythings_symbol.txt ABSOLUTE
    fy_mem_alloc                             0x0800dbed   Thumb Code     0  flythings_symbol.txt ABSOLUTE
    fy_mem_defrag                            0x0800dc5d   Thumb Code     0  flythings_symbol.txt ABSOLUTE
    fy_mem_free                              0x0800dca9   Thumb Code     0  flythings_symbol.txt ABSOLUTE
    fy_mem_init                              0x0800dcfd   Thumb Code     0  flythings_symbol.txt ABSOLUTE
    gui_context_find_widget                  0x0800ddf5   Thumb Code     0  flythings_symbol.txt ABSOLUTE
    gui_context_get_current_page             0x0800de2d   Thumb Code     0  flythings_symbol.txt ABSOLUTE
    gui_context_init                         0x0800de39   Thumb Code     0  flythings_symbol.txt ABSOLUTE
    gui_context_invalidate                   0x0800dedd   Thumb Code     0  flythings_symbol.txt ABSOLUTE
    gui_context_open_page                    0x0800df31   Thumb Code     0  flythings_symbol.txt ABSOLUTE
    gui_context_open_page_with_pos           0x0800df51   Thumb Code     0  flythings_symbol.txt ABSOLUTE
    gui_context_procreg                      0x0800df71   Thumb Code     0  flythings_symbol.txt ABSOLUTE
    gui_context_run                          0x0800dfbd   Thumb Code     0  flythings_symbol.txt ABSOLUTE
    gui_context_setarg                       0x0800dfed   Thumb Code     0  flythings_symbol.txt ABSOLUTE
    image_proc                               0x0800e051   Thumb Code     0  flythings_symbol.txt ABSOLUTE
    imagetext_proc                           0x0800e0a9   Thumb Code     0  flythings_symbol.txt ABSOLUTE
    imagetext_set_text                       0x0800e305   Thumb Code     0  flythings_symbol.txt ABSOLUTE
    increment_proc                           0x0800e32f   Thumb Code     0  flythings_symbol.txt ABSOLUTE
    label_proc                               0x0800e3c9   Thumb Code     0  flythings_symbol.txt ABSOLUTE
    label_set_text                           0x0800e67d   Thumb Code     0  flythings_symbol.txt ABSOLUTE
    label_set_text_color                     0x0800e6cb   Thumb Code     0  flythings_symbol.txt ABSOLUTE
    message_dequeue                          0x0800e6d9   Thumb Code     0  flythings_symbol.txt ABSOLUTE
    message_enqueue                          0x0800e709   Thumb Code     0  flythings_symbol.txt ABSOLUTE
    message_init                             0x0800e731   Thumb Code     0  flythings_symbol.txt ABSOLUTE
    numtext_proc                             0x0800e765   Thumb Code     0  flythings_symbol.txt ABSOLUTE
    progress_proc                            0x0800e9e9   Thumb Code     0  flythings_symbol.txt ABSOLUTE
    progress_re_set_value                    0x0800ed05   Thumb Code     0  flythings_symbol.txt ABSOLUTE
    progress_set_value                       0x0800ed19   Thumb Code     0  flythings_symbol.txt ABSOLUTE
    rect_intersect                           0x0800ef9b   Thumb Code     0  flythings_symbol.txt ABSOLUTE
    rect_is_equal                            0x0800f009   Thumb Code     0  flythings_symbol.txt ABSOLUTE
    rect_is_hit                              0x0800f039   Thumb Code     0  flythings_symbol.txt ABSOLUTE
    resource_init                            0x0800f065   Thumb Code     0  flythings_symbol.txt ABSOLUTE
    resource_load_string                     0x0800f0f5   Thumb Code     0  flythings_symbol.txt ABSOLUTE
    resource_read                            0x0800f169   Thumb Code     0  flythings_symbol.txt ABSOLUTE
    resource_readFromDMA                     0x0800f195   Thumb Code     0  flythings_symbol.txt ABSOLUTE
    resource_waitDMAEnd                      0x0800f1c1   Thumb Code     0  flythings_symbol.txt ABSOLUTE
    widget_draw_graph                        0x0800f2f9   Thumb Code     0  flythings_symbol.txt ABSOLUTE
    widget_invalidate                        0x0800f34d   Thumb Code     0  flythings_symbol.txt ABSOLUTE
    widget_is_touch_hit                      0x0800f355   Thumb Code     0  flythings_symbol.txt ABSOLUTE
    widget_proc                              0x0800f36f   Thumb Code     0  flythings_symbol.txt ABSOLUTE
    widget_set_bg_color                      0x0800f397   Thumb Code     0  flythings_symbol.txt ABSOLUTE
    widget_set_bg_img                        0x0800f3a9   Thumb Code     0  flythings_symbol.txt ABSOLUTE
    window_set_position                      0x0800f3bb   Thumb Code     0  flythings_symbol.txt ABSOLUTE
    g_gfx_op                                 0x0800f5d0   Data           0  flythings_symbol.txt ABSOLUTE
    uwTickPrio                               0x20000600   Data           4  stm32g0xx_hal.o(.data)
    uwTickFreq                               0x20000604   Data           4  stm32g0xx_hal.o(.data)
    uwTick                                   0x20000608   Data           4  stm32g0xx_hal.o(.data)
    SystemCoreClock                          0x2000060c   Data           4  system_stm32g0xx.o(.data)
    dummy_spi                                0x20000621   Data           1  serialflash.o(.data)
    EncodeStatus                             0x20000625   Data           1  inputkey.o(.data)
    EncodeStatusOld                          0x20000626   Data           1  inputkey.o(.data)
    wash_mode                                0x20000638   Data          28  other_app.o(.data)
    time_num_set                             0x20000654   Data          18  other_app.o(.data)
    wash_work_struct                         0x20000668   Data          20  other_app.o(.data)
    wash_work_time                           0x2000067c   Data          18  other_app.o(.data)
    ui_page                                  0x20000690   Data           1  usermain.o(.data)
    regsize                                  0x20000692   Data           2  usermain.o(.data)
    uartdev                                  0x200006b4   Data           4  usermain.o(.data)
    uart1dev                                 0x200006b8   Data           4  usermain.o(.data)
    __stdout                                 0x200006c0   Data           4  stdout.o(.data)
    hspi1                                    0x200006c4   Data         100  main.o(.bss)
    hspi2                                    0x20000728   Data         100  main.o(.bss)
    huart1                                   0x2000078c   Data         140  main.o(.bss)
    huart2                                   0x20000818   Data         140  main.o(.bss)
    hdma_spi1_rx                             0x200008a4   Data          92  main.o(.bss)
    hdma_spi1_tx                             0x20000900   Data          92  main.o(.bss)
    hdma_spi2_tx                             0x2000095c   Data          92  main.o(.bss)
    htim3                                    0x200009b8   Data          64  main.o(.bss)
    htim17                                   0x200009f8   Data          64  dev_time17.o(.bss)
    htim16                                   0x20000a38   Data          64  dev_rgbled.o(.bss)
    meminfo                                  0x20000a78   Data        1024  usermain.o(.bss)
    __initial_sp                             0x200015c8   Data           0  startup_stm32g030xx.o(STACK)



==============================================================================

Memory Map of the image

  Image Entry point : 0x080010c1

  Load Region LR_IROM1 (Base: 0x08001000, Size: 0x0000593c, Max: 0x0000b000, ABSOLUTE)

    Execution Region ER_IROM1 (Exec base: 0x08001000, Load base: 0x08001000, Size: 0x00005878, Max: 0x0000b000, ABSOLUTE)

    Exec Addr    Load Addr    Size         Type   Attr      Idx    E Section Name        Object

    0x08001000   0x08001000   0x000000c0   Data   RO            3    RESET               startup_stm32g030xx.o
    0x080010c0   0x080010c0   0x00000000   Code   RO         4908  * .ARM.Collect$$$$00000000  mc_p.l(entry.o)
    0x080010c0   0x080010c0   0x00000004   Code   RO         5182    .ARM.Collect$$$$00000001  mc_p.l(entry2.o)
    0x080010c4   0x080010c4   0x00000004   Code   RO         5185    .ARM.Collect$$$$00000004  mc_p.l(entry5.o)
    0x080010c8   0x080010c8   0x00000000   Code   RO         5187    .ARM.Collect$$$$00000008  mc_p.l(entry7b.o)
    0x080010c8   0x080010c8   0x00000000   Code   RO         5189    .ARM.Collect$$$$0000000A  mc_p.l(entry8b.o)
    0x080010c8   0x080010c8   0x00000008   Code   RO         5190    .ARM.Collect$$$$0000000B  mc_p.l(entry9a.o)
    0x080010d0   0x080010d0   0x00000000   Code   RO         5192    .ARM.Collect$$$$0000000D  mc_p.l(entry10a.o)
    0x080010d0   0x080010d0   0x00000000   Code   RO         5194    .ARM.Collect$$$$0000000F  mc_p.l(entry11a.o)
    0x080010d0   0x080010d0   0x00000004   Code   RO         5183    .ARM.Collect$$$$00002712  mc_p.l(entry2.o)
    0x080010d4   0x080010d4   0x0000001c   Code   RO            4    .text               startup_stm32g030xx.o
    0x080010f0   0x080010f0   0x0000002c   Code   RO         4911    .text               mc_p.l(uidiv.o)
    0x0800111c   0x0800111c   0x00000028   Code   RO         4913    .text               mc_p.l(idiv.o)
    0x08001144   0x08001144   0x00000024   Code   RO         4915    .text               mc_p.l(memcpya.o)
    0x08001168   0x08001168   0x00000024   Code   RO         4917    .text               mc_p.l(memseta.o)
    0x0800118c   0x0800118c   0x00000060   Code   RO         5197    .text               mc_p.l(uldiv.o)
    0x080011ec   0x080011ec   0x00000000   Code   RO         5199    .text               mc_p.l(iusefp.o)
    0x080011ec   0x080011ec   0x00000164   Code   RO         5200    .text               mf_p.l(dadd.o)
    0x08001350   0x08001350   0x000000d0   Code   RO         5202    .text               mf_p.l(dmul.o)
    0x08001420   0x08001420   0x000000f0   Code   RO         5204    .text               mf_p.l(ddiv.o)
    0x08001510   0x08001510   0x00000040   Code   RO         5206    .text               mf_p.l(dfixul.o)
    0x08001550   0x08001550   0x00000028   Code   RO         5208    .text               mf_p.l(cdrcmple.o)
    0x08001578   0x08001578   0x00000024   Code   RO         5210    .text               mc_p.l(init.o)
    0x0800159c   0x0800159c   0x00000020   Code   RO         5212    .text               mc_p.l(llshl.o)
    0x080015bc   0x080015bc   0x00000022   Code   RO         5214    .text               mc_p.l(llushr.o)
    0x080015de   0x080015de   0x00000026   Code   RO         5216    .text               mc_p.l(llsshr.o)
    0x08001604   0x08001604   0x000000be   Code   RO         5218    .text               mf_p.l(depilogue.o)
    0x080016c2   0x080016c2   0x00000002   PAD
    0x080016c4   0x080016c4   0x00000078   Code   RO         3436    i.DEV_RGBLED_GPIO_Init  dev_rgbled.o
    0x0800173c   0x0800173c   0x000000ec   Code   RO         3390    i.DEV_TIM3_Init     dev_pwm.o
    0x08001828   0x08001828   0x00000010   Code   RO          182    i.DMA1_Channel1_IRQHandler  stm32g0xx_it.o
    0x08001838   0x08001838   0x00000008   Code   RO          183    i.DMA1_Channel2_3_IRQHandler  stm32g0xx_it.o
    0x08001840   0x08001840   0x00000030   Code   RO         1156    i.DMA_CalcDMAMUXChannelBaseAndMask  stm32g0xx_hal_dma.o
    0x08001870   0x08001870   0x00000024   Code   RO         1157    i.DMA_CalcDMAMUXRequestGenBaseAndMask  stm32g0xx_hal_dma.o
    0x08001894   0x08001894   0x00000060   Code   RO         3671    i.DataReader_DMACallback  serialflash.o
    0x080018f4   0x080018f4   0x00000040   Code   RO         3921    i.DeQueue           ring.o
    0x08001934   0x08001934   0x00000014   Code   RO          184    i.EXTI4_15_IRQHandler  stm32g0xx_it.o
    0x08001948   0x08001948   0x00000038   Code   RO         3923    i.EnQueueSignal     ring.o
    0x08001980   0x08001980   0x00000004   Code   RO           12    i.Error_Handler     main.o
    0x08001984   0x08001984   0x00000080   Code   RO         1160    i.HAL_DMA_Abort_IT  stm32g0xx_hal_dma.o
    0x08001a04   0x08001a04   0x000000b8   Code   RO         1164    i.HAL_DMA_IRQHandler  stm32g0xx_hal_dma.o
    0x08001abc   0x08001abc   0x000000a0   Code   RO         1165    i.HAL_DMA_Init      stm32g0xx_hal_dma.o
    0x08001b5c   0x08001b5c   0x00000024   Code   RO         1619    i.HAL_Delay         stm32g0xx_hal.o
    0x08001b80   0x08001b80   0x00000030   Code   RO         4006    i.HAL_GPIO_EXTI_Falling_Callback  inputkey.o
    0x08001bb0   0x08001bb0   0x00000028   Code   RO         1090    i.HAL_GPIO_EXTI_IRQHandler  stm32g0xx_hal_gpio.o
    0x08001bd8   0x08001bd8   0x00000030   Code   RO         4007    i.HAL_GPIO_EXTI_Rising_Callback  inputkey.o
    0x08001c08   0x08001c08   0x00000134   Code   RO         1092    i.HAL_GPIO_Init     stm32g0xx_hal_gpio.o
    0x08001d3c   0x08001d3c   0x0000000a   Code   RO         1094    i.HAL_GPIO_ReadPin  stm32g0xx_hal_gpio.o
    0x08001d46   0x08001d46   0x0000000c   Code   RO         1096    i.HAL_GPIO_WritePin  stm32g0xx_hal_gpio.o
    0x08001d52   0x08001d52   0x00000002   PAD
    0x08001d54   0x08001d54   0x0000000c   Code   RO         1623    i.HAL_GetTick       stm32g0xx_hal.o
    0x08001d60   0x08001d60   0x00000010   Code   RO         1629    i.HAL_IncTick       stm32g0xx_hal.o
    0x08001d70   0x08001d70   0x00000028   Code   RO         1630    i.HAL_Init          stm32g0xx_hal.o
    0x08001d98   0x08001d98   0x00000048   Code   RO         1631    i.HAL_InitTick      stm32g0xx_hal.o
    0x08001de0   0x08001de0   0x0000002c   Code   RO          347    i.HAL_MspInit       stm32g0xx_hal_msp.o
    0x08001e0c   0x08001e0c   0x00000020   Code   RO         1506    i.HAL_NVIC_DisableIRQ  stm32g0xx_hal_cortex.o
    0x08001e2c   0x08001e2c   0x00000018   Code   RO         1507    i.HAL_NVIC_EnableIRQ  stm32g0xx_hal_cortex.o
    0x08001e44   0x08001e44   0x00000008   Code   RO         1511    i.HAL_NVIC_SetPriority  stm32g0xx_hal_cortex.o
    0x08001e4c   0x08001e4c   0x0000004c   Code   RO         1392    i.HAL_PWREx_ControlVoltageScaling  stm32g0xx_hal_pwr_ex.o
    0x08001e98   0x08001e98   0x00000160   Code   RO          858    i.HAL_RCCEx_PeriphCLKConfig  stm32g0xx_hal_rcc_ex.o
    0x08001ff8   0x08001ff8   0x00000158   Code   RO          748    i.HAL_RCC_ClockConfig  stm32g0xx_hal_rcc.o
    0x08002150   0x08002150   0x00000028   Code   RO          756    i.HAL_RCC_GetPCLK1Freq  stm32g0xx_hal_rcc.o
    0x08002178   0x08002178   0x0000008c   Code   RO          757    i.HAL_RCC_GetSysClockFreq  stm32g0xx_hal_rcc.o
    0x08002204   0x08002204   0x000003d8   Code   RO          761    i.HAL_RCC_OscConfig  stm32g0xx_hal_rcc.o
    0x080025dc   0x080025dc   0x000000b8   Code   RO          415    i.HAL_SPI_Init      stm32g0xx_hal_spi.o
    0x08002694   0x08002694   0x00000144   Code   RO          349    i.HAL_SPI_MspInit   stm32g0xx_hal_msp.o
    0x080027d8   0x080027d8   0x00000030   Code   RO         1515    i.HAL_SYSTICK_Config  stm32g0xx_hal_cortex.o
    0x08002808   0x08002808   0x00000050   Code   RO         2581    i.HAL_TIMEx_MasterConfigSynchronization  stm32g0xx_hal_tim_ex.o
    0x08002858   0x08002858   0x00000034   Code   RO         1878    i.HAL_TIM_Base_Init  stm32g0xx_hal_tim.o
    0x0800288c   0x0800288c   0x00000002   Code   RO         1880    i.HAL_TIM_Base_MspInit  stm32g0xx_hal_tim.o
    0x0800288e   0x0800288e   0x00000002   PAD
    0x08002890   0x08002890   0x0000002c   Code   RO         1883    i.HAL_TIM_Base_Start_IT  stm32g0xx_hal_tim.o
    0x080028bc   0x080028bc   0x000000d4   Code   RO         1887    i.HAL_TIM_ConfigClockSource  stm32g0xx_hal_tim.o
    0x08002990   0x08002990   0x00000126   Code   RO         1945    i.HAL_TIM_PWM_ConfigChannel  stm32g0xx_hal_tim.o
    0x08002ab6   0x08002ab6   0x00000034   Code   RO         1948    i.HAL_TIM_PWM_Init  stm32g0xx_hal_tim.o
    0x08002aea   0x08002aea   0x00000002   Code   RO         1950    i.HAL_TIM_PWM_MspInit  stm32g0xx_hal_tim.o
    0x08002aec   0x08002aec   0x00000058   Code   RO         1953    i.HAL_TIM_PWM_Start  stm32g0xx_hal_tim.o
    0x08002b44   0x08002b44   0x0000006c   Code   RO         1956    i.HAL_TIM_PWM_Stop  stm32g0xx_hal_tim.o
    0x08002bb0   0x08002bb0   0x00000042   Code   RO         3216    i.HAL_UARTEx_DisableFifoMode  stm32g0xx_hal_uart_ex.o
    0x08002bf2   0x08002bf2   0x00000002   Code   RO         3220    i.HAL_UARTEx_RxFifoFullCallback  stm32g0xx_hal_uart_ex.o
    0x08002bf4   0x08002bf4   0x0000004c   Code   RO         3221    i.HAL_UARTEx_SetRxFifoThreshold  stm32g0xx_hal_uart_ex.o
    0x08002c40   0x08002c40   0x0000004a   Code   RO         3222    i.HAL_UARTEx_SetTxFifoThreshold  stm32g0xx_hal_uart_ex.o
    0x08002c8a   0x08002c8a   0x00000002   Code   RO         3224    i.HAL_UARTEx_TxFifoEmptyCallback  stm32g0xx_hal_uart_ex.o
    0x08002c8c   0x08002c8c   0x00000002   Code   RO         3225    i.HAL_UARTEx_WakeupCallback  stm32g0xx_hal_uart_ex.o
    0x08002c8e   0x08002c8e   0x00000002   Code   RO         2864    i.HAL_UART_ErrorCallback  stm32g0xx_hal_uart.o
    0x08002c90   0x08002c90   0x00000184   Code   RO         2867    i.HAL_UART_IRQHandler  stm32g0xx_hal_uart.o
    0x08002e14   0x08002e14   0x00000070   Code   RO         2868    i.HAL_UART_Init     stm32g0xx_hal_uart.o
    0x08002e84   0x08002e84   0x0000008c   Code   RO          353    i.HAL_UART_MspInit  stm32g0xx_hal_msp.o
    0x08002f10   0x08002f10   0x000000d8   Code   RO         2876    i.HAL_UART_Transmit  stm32g0xx_hal_uart.o
    0x08002fe8   0x08002fe8   0x00000002   Code   RO         2879    i.HAL_UART_TxCpltCallback  stm32g0xx_hal_uart.o
    0x08002fea   0x08002fea   0x00000002   Code   RO          185    i.HardFault_Handler  stm32g0xx_it.o
    0x08002fec   0x08002fec   0x00000008   Code   RO         4395    i.I_UART_Transmit   uartupgradedev.o
    0x08002ff4   0x08002ff4   0x0000001e   Code   RO         3924    i.InitQueue         ring.o
    0x08003012   0x08003012   0x00000002   PAD
    0x08003014   0x08003014   0x00000044   Code   RO         4396    i.JumpToIAP         uartupgradedev.o
    0x08003058   0x08003058   0x00000014   Code   RO         3548    i.LCD_Clear         video.o
    0x0800306c   0x0800306c   0x0000002c   Code   RO         3549    i.LCD_WR_DATA       video.o
    0x08003098   0x08003098   0x0000002c   Code   RO         3551    i.LCD_WR_REG        video.o
    0x080030c4   0x080030c4   0x00000108   Code   RO           13    i.MX_GPIO_Init      main.o
    0x080031cc   0x080031cc   0x0000004c   Code   RO           14    i.MX_SPI1_Init      main.o
    0x08003218   0x08003218   0x0000004c   Code   RO           15    i.MX_SPI2_Init      main.o
    0x08003264   0x08003264   0x00000060   Code   RO         3437    i.MX_TIM16_Init     dev_rgbled.o
    0x080032c4   0x080032c4   0x00000064   Code   RO         3339    i.MX_TIM17_Init     dev_time17.o
    0x08003328   0x08003328   0x00000068   Code   RO           16    i.MX_USART1_UART_Init  main.o
    0x08003390   0x08003390   0x0000003c   Code   RO           17    i.MX_USART2_UART_Init  main.o
    0x080033cc   0x080033cc   0x0000001c   Code   RO         3925    i.ModifyQueueFront  ring.o
    0x080033e8   0x080033e8   0x00000002   Code   RO          186    i.NMI_Handler       stm32g0xx_it.o
    0x080033ea   0x080033ea   0x0000003e   Code   RO         3926    i.PeekQueue         ring.o
    0x08003428   0x08003428   0x00000002   Code   RO          187    i.PendSV_Handler    stm32g0xx_it.o
    0x0800342a   0x0800342a   0x00000004   Code   RO         3927    i.QueueCount        ring.o
    0x0800342e   0x0800342e   0x0000000e   Code   RO         3928    i.QueueEmpty        ring.o
    0x0800343c   0x0800343c   0x00000010   Code   RO         3930    i.QueueFull         ring.o
    0x0800344c   0x0800344c   0x0000006c   Code   RO         3438    i.RGBLED_Proc       dev_rgbled.o
    0x080034b8   0x080034b8   0x00000034   Code   RO         4397    i.Rx_CRC_CCITT      uartupgradedev.o
    0x080034ec   0x080034ec   0x00000002   Code   RO          188    i.SVC_Handler       stm32g0xx_it.o
    0x080034ee   0x080034ee   0x00000024   Code   RO         3674    i.SerialFlash_EraseSize  serialflash.o
    0x08003512   0x08003512   0x00000020   Code   RO         3676    i.SerialFlash_ProgramInfo  serialflash.o
    0x08003532   0x08003532   0x00000008   Code   RO          189    i.SysTick_Handler   stm32g0xx_it.o
    0x0800353a   0x0800353a   0x00000086   Code   RO           18    i.SystemClock_Config  main.o
    0x080035c0   0x080035c0   0x00000010   Code   RO         3306    i.SystemInit        system_stm32g0xx.o
    0x080035d0   0x080035d0   0x00000018   Code   RO         3439    i.TIM16_IRQHandler  dev_rgbled.o
    0x080035e8   0x080035e8   0x0000001c   Code   RO         3340    i.TIM17_IRQHandler  dev_time17.o
    0x08003604   0x08003604   0x0000007c   Code   RO         1966    i.TIM_Base_SetConfig  stm32g0xx_hal_tim.o
    0x08003680   0x08003680   0x0000001a   Code   RO         1967    i.TIM_CCxChannelCmd  stm32g0xx_hal_tim.o
    0x0800369a   0x0800369a   0x00000016   Code   RO         1977    i.TIM_ETR_SetConfig  stm32g0xx_hal_tim.o
    0x080036b0   0x080036b0   0x00000014   Code   RO         1978    i.TIM_ITRx_SetConfig  stm32g0xx_hal_tim.o
    0x080036c4   0x080036c4   0x0000007c   Code   RO         1979    i.TIM_OC1_SetConfig  stm32g0xx_hal_tim.o
    0x08003740   0x08003740   0x00000080   Code   RO         1980    i.TIM_OC2_SetConfig  stm32g0xx_hal_tim.o
    0x080037c0   0x080037c0   0x00000080   Code   RO         1981    i.TIM_OC3_SetConfig  stm32g0xx_hal_tim.o
    0x08003840   0x08003840   0x0000006c   Code   RO         1982    i.TIM_OC4_SetConfig  stm32g0xx_hal_tim.o
    0x080038ac   0x080038ac   0x0000005c   Code   RO         1983    i.TIM_OC5_SetConfig  stm32g0xx_hal_tim.o
    0x08003908   0x08003908   0x00000064   Code   RO         1984    i.TIM_OC6_SetConfig  stm32g0xx_hal_tim.o
    0x0800396c   0x0800396c   0x00000022   Code   RO         1986    i.TIM_TI1_ConfigInputStage  stm32g0xx_hal_tim.o
    0x0800398e   0x0800398e   0x00000026   Code   RO         1988    i.TIM_TI2_ConfigInputStage  stm32g0xx_hal_tim.o
    0x080039b4   0x080039b4   0x00000060   Code   RO         3226    i.UARTEx_SetNbDataToProcess  stm32g0xx_hal_uart_ex.o
    0x08003a14   0x08003a14   0x000000ca   Code   RO         2881    i.UART_AdvFeatureConfig  stm32g0xx_hal_uart.o
    0x08003ade   0x08003ade   0x00000002   PAD
    0x08003ae0   0x08003ae0   0x00000064   Code   RO         2882    i.UART_CheckIdleState  stm32g0xx_hal_uart.o
    0x08003b44   0x08003b44   0x00000014   Code   RO         2883    i.UART_DMAAbortOnError  stm32g0xx_hal_uart.o
    0x08003b58   0x08003b58   0x00000028   Code   RO         2893    i.UART_EndRxTransfer  stm32g0xx_hal_uart.o
    0x08003b80   0x08003b80   0x000002ec   Code   RO         2899    i.UART_SetConfig    stm32g0xx_hal_uart.o
    0x08003e6c   0x08003e6c   0x00000064   Code   RO         2904    i.UART_WaitOnFlagUntilTimeout  stm32g0xx_hal_uart.o
    0x08003ed0   0x08003ed0   0x00000030   Code   RO         4481    i.USART1_IRQHandler  uartcomm.o
    0x08003f00   0x08003f00   0x00000030   Code   RO         4398    i.USART2_IRQHandler  uartupgradedev.o
    0x08003f30   0x08003f30   0x00000020   Code   RO         5154    i.__0printf         mc_p.l(printfa.o)
    0x08003f50   0x08003f50   0x00000028   Code   RO         5156    i.__0sprintf        mc_p.l(printfa.o)
    0x08003f78   0x08003f78   0x0000002e   Code   RO         5220    i.__ARM_clz         mf_p.l(depilogue.o)
    0x08003fa6   0x08003fa6   0x0000001a   Code   RO         1252    i.__ARM_common_switch8  stm32g0xx_hal_dma.o
    0x08003fc0   0x08003fc0   0x00000044   Code   RO         1517    i.__NVIC_SetPriority  stm32g0xx_hal_cortex.o
    0x08004004   0x08004004   0x0000000e   Code   RO         5224    i.__scatterload_copy  mc_p.l(handlers.o)
    0x08004012   0x08004012   0x00000002   Code   RO         5225    i.__scatterload_null  mc_p.l(handlers.o)
    0x08004014   0x08004014   0x0000000e   Code   RO         5226    i.__scatterload_zeroinit  mc_p.l(handlers.o)
    0x08004022   0x08004022   0x00000014   Code   RO         4053    i._char_offset      other_app.o
    0x08004036   0x08004036   0x00000002   PAD
    0x08004038   0x08004038   0x00000174   Code   RO         5161    i._fp_digits        mc_p.l(printfa.o)
    0x080041ac   0x080041ac   0x000006ec   Code   RO         5162    i._printf_core      mc_p.l(printfa.o)
    0x08004898   0x08004898   0x00000020   Code   RO         5163    i._printf_post_padding  mc_p.l(printfa.o)
    0x080048b8   0x080048b8   0x0000002c   Code   RO         5164    i._printf_pre_padding  mc_p.l(printfa.o)
    0x080048e4   0x080048e4   0x0000000a   Code   RO         5166    i._sputc            mc_p.l(printfa.o)
    0x080048ee   0x080048ee   0x00000002   PAD
    0x080048f0   0x080048f0   0x00000038   Code   RO         4054    i.check_start_wash  other_app.o
    0x08004928   0x08004928   0x00000024   Code   RO         4055    i.check_timing_wash  other_app.o
    0x0800494c   0x0800494c   0x00000002   Code   RO         4399    i.deinitdev         uartupgradedev.o
    0x0800494e   0x0800494e   0x00000002   Code   RO         4482    i.deinitdev         uartcomm.o
    0x08004950   0x08004950   0x00000020   Code   RO         3440    i.dev_rgbLed_init   dev_rgbled.o
    0x08004970   0x08004970   0x00000130   Code   RO         4538    i.dgus_cmdpro       proc_cmd.o
    0x08004aa0   0x08004aa0   0x000000c8   Code   RO         4056    i.display_work_time  other_app.o
    0x08004b68   0x08004b68   0x00000002   Code   RO         3500    i.event_deinit      sdl_event.o
    0x08004b6a   0x08004b6a   0x00000004   Code   RO         3501    i.event_init        sdl_event.o
    0x08004b6e   0x08004b6e   0x00000004   Code   RO         3502    i.event_poll        sdl_event.o
    0x08004b72   0x08004b72   0x00000002   PAD
    0x08004b74   0x08004b74   0x0000001c   Code   RO         3680    i.fly_flash_init    serialflash.o
    0x08004b90   0x08004b90   0x00000020   Code   RO         4400    i.fputc             uartupgradedev.o
    0x08004bb0   0x08004bb0   0x00000002   Code   RO         3681    i.fy_flash_dmainit  serialflash.o
    0x08004bb2   0x08004bb2   0x00000008   Code   RO         3683    i.fy_flash_erase_block  serialflash.o
    0x08004bba   0x08004bba   0x00000002   PAD
    0x08004bbc   0x08004bbc   0x0000000c   Code   RO         3684    i.fy_flash_isreceiveing  serialflash.o
    0x08004bc8   0x08004bc8   0x00000008   Code   RO         3685    i.fy_flash_page_write  serialflash.o
    0x08004bd0   0x08004bd0   0x00000010   Code   RO         3689    i.fy_flash_waitreceive_done  serialflash.o
    0x08004be0   0x08004be0   0x00000002   Code   RO         4057    i.init_other        other_app.o
    0x08004be2   0x08004be2   0x00000002   PAD
    0x08004be4   0x08004be4   0x0000002c   Code   RO         4401    i.initdev           uartupgradedev.o
    0x08004c10   0x08004c10   0x0000002c   Code   RO         4483    i.initdev           uartcomm.o
    0x08004c3c   0x08004c3c   0x00000012   Code   RO         3890    i.loadDev           devmodule.o
    0x08004c4e   0x08004c4e   0x00000002   PAD
    0x08004c50   0x08004c50   0x0000006c   Code   RO           19    i.main              main.o
    0x08004cbc   0x08004cbc   0x00000034   Code   RO         4058    i.num_operator      other_app.o
    0x08004cf0   0x08004cf0   0x00000028   Code   RO         4563    i.on_animation_play_end  ui_context.o
    0x08004d18   0x08004d18   0x0000002c   Code   RO         4564    i.on_button_touch_event  ui_context.o
    0x08004d44   0x08004d44   0x00000002   Code   RO         4166    i.on_increment_change  usermain.o
    0x08004d46   0x08004d46   0x00000002   PAD
    0x08004d48   0x08004d48   0x00000020   Code   RO         4565    i.on_page_open      ui_context.o
    0x08004d68   0x08004d68   0x0000002c   Code   RO         4566    i.on_progress_changed  ui_context.o
    0x08004d94   0x08004d94   0x0000002c   Code   RO         4567    i.on_timer          ui_context.o
    0x08004dc0   0x08004dc0   0x00000080   Code   RO         4008    i.procEncode        inputkey.o
    0x08004e40   0x08004e40   0x00000134   Code   RO         4009    i.procKey           inputkey.o
    0x08004f74   0x08004f74   0x0000000c   Code   RO         4402    i.procMsg           uartupgradedev.o
    0x08004f80   0x08004f80   0x0000000c   Code   RO         4484    i.procMsg           uartcomm.o
    0x08004f8c   0x08004f8c   0x00000012   Code   RO         4059    i.procOtherMsg      other_app.o
    0x08004f9e   0x08004f9e   0x00000002   PAD
    0x08004fa0   0x08004fa0   0x00000068   Code   RO         4485    i.procUartDGUS      uartcomm.o
    0x08005008   0x08005008   0x000000c4   Code   RO         4403    i.procUartUpdateReq  uartupgradedev.o
    0x080050cc   0x080050cc   0x000000c0   Code   RO         4060    i.proc_time_set     other_app.o
    0x0800518c   0x0800518c   0x000001fc   Code   RO         4061    i.proc_turn_value   other_app.o
    0x08005388   0x08005388   0x00000264   Code   RO         4404    i.processUpgrade    uartupgradedev.o
    0x080055ec   0x080055ec   0x00000124   Code   RO         4405    i.processUpgrade_simple  uartupgradedev.o
    0x08005710   0x08005710   0x00000128   Code   RO         3690    i.readData          serialflash.o
    0x08005838   0x08005838   0x00000118   Code   RO         3691    i.readDataDMA       serialflash.o
    0x08005950   0x08005950   0x00000054   Code   RO         3692    i.readDeviceId      serialflash.o
    0x080059a4   0x080059a4   0x0000001a   Code   RO         4010    i.readKey           inputkey.o
    0x080059be   0x080059be   0x00000002   PAD
    0x080059c0   0x080059c0   0x00000034   Code   RO         3693    i.readStatusRegister  serialflash.o
    0x080059f4   0x080059f4   0x00000064   Code   RO         3694    i.sendPageProgram   serialflash.o
    0x08005a58   0x08005a58   0x00000050   Code   RO         3695    i.sendSectorErase   serialflash.o
    0x08005aa8   0x08005aa8   0x00000024   Code   RO         3696    i.sendWriteEnable   serialflash.o
    0x08005acc   0x08005acc   0x0000001c   Code   RO         3391    i.setBackLightOff   dev_pwm.o
    0x08005ae8   0x08005ae8   0x00000020   Code   RO         3392    i.setBackLightOn    dev_pwm.o
    0x08005b08   0x08005b08   0x00000020   Code   RO         3441    i.set_rgbled        dev_rgbled.o
    0x08005b28   0x08005b28   0x00000024   Code   RO         4062    i.set_work_time     other_app.o
    0x08005b4c   0x08005b4c   0x00000030   Code   RO         3629    i.timer_check       sdl_timer.o
    0x08005b7c   0x08005b7c   0x00000002   Code   RO         3630    i.timer_deinit      sdl_timer.o
    0x08005b7e   0x08005b7e   0x00000002   PAD
    0x08005b80   0x08005b80   0x00000048   Code   RO         3631    i.timer_init        sdl_timer.o
    0x08005bc8   0x08005bc8   0x00000002   Code   RO         4646    i.ui_main01_on_animation_play_end  main01.o
    0x08005bca   0x08005bca   0x00000002   Code   RO         4647    i.ui_main01_on_button_touch_event  main01.o
    0x08005bcc   0x08005bcc   0x00000044   Code   RO         4648    i.ui_main01_on_page_open  main01.o
    0x08005c10   0x08005c10   0x00000002   Code   RO         4649    i.ui_main01_on_progress_changed  main01.o
    0x08005c12   0x08005c12   0x00000002   Code   RO         4650    i.ui_main01_on_timer  main01.o
    0x08005c14   0x08005c14   0x00000002   Code   RO         4690    i.ui_main02_on_animation_play_end  main02.o
    0x08005c16   0x08005c16   0x00000002   Code   RO         4691    i.ui_main02_on_button_touch_event  main02.o
    0x08005c18   0x08005c18   0x00000044   Code   RO         4692    i.ui_main02_on_page_open  main02.o
    0x08005c5c   0x08005c5c   0x00000002   Code   RO         4693    i.ui_main02_on_progress_changed  main02.o
    0x08005c5e   0x08005c5e   0x00000002   Code   RO         4694    i.ui_main02_on_timer  main02.o
    0x08005c60   0x08005c60   0x00000002   Code   RO         4734    i.ui_main03_on_animation_play_end  main03.o
    0x08005c62   0x08005c62   0x00000002   Code   RO         4735    i.ui_main03_on_button_touch_event  main03.o
    0x08005c64   0x08005c64   0x00000002   Code   RO         4736    i.ui_main03_on_page_open  main03.o
    0x08005c66   0x08005c66   0x00000002   Code   RO         4737    i.ui_main03_on_progress_changed  main03.o
    0x08005c68   0x08005c68   0x00000002   Code   RO         4738    i.ui_main03_on_timer  main03.o
    0x08005c6a   0x08005c6a   0x00000002   Code   RO         4778    i.ui_main04_on_animation_play_end  main04.o
    0x08005c6c   0x08005c6c   0x00000002   Code   RO         4779    i.ui_main04_on_button_touch_event  main04.o
    0x08005c6e   0x08005c6e   0x00000002   PAD
    0x08005c70   0x08005c70   0x00000054   Code   RO         4780    i.ui_main04_on_page_open  main04.o
    0x08005cc4   0x08005cc4   0x00000002   Code   RO         4781    i.ui_main04_on_progress_changed  main04.o
    0x08005cc6   0x08005cc6   0x00000002   Code   RO         4782    i.ui_main04_on_timer  main04.o
    0x08005cc8   0x08005cc8   0x00000002   Code   RO         4822    i.ui_main05_on_animation_play_end  main05.o
    0x08005cca   0x08005cca   0x00000002   Code   RO         4823    i.ui_main05_on_button_touch_event  main05.o
    0x08005ccc   0x08005ccc   0x0000000a   Code   RO         4824    i.ui_main05_on_page_open  main05.o
    0x08005cd6   0x08005cd6   0x00000002   Code   RO         4825    i.ui_main05_on_progress_changed  main05.o
    0x08005cd8   0x08005cd8   0x00000016   Code   RO         4826    i.ui_main05_on_timer  main05.o
    0x08005cee   0x08005cee   0x00000002   Code   RO         4866    i.ui_main06_on_animation_play_end  main06.o
    0x08005cf0   0x08005cf0   0x00000002   Code   RO         4867    i.ui_main06_on_button_touch_event  main06.o
    0x08005cf2   0x08005cf2   0x00000002   Code   RO         4868    i.ui_main06_on_page_open  main06.o
    0x08005cf4   0x08005cf4   0x00000002   Code   RO         4869    i.ui_main06_on_progress_changed  main06.o
    0x08005cf6   0x08005cf6   0x00000002   Code   RO         4870    i.ui_main06_on_timer  main06.o
    0x08005cf8   0x08005cf8   0x00000002   Code   RO         4602    i.ui_main_on_animation_play_end  main_1.o
    0x08005cfa   0x08005cfa   0x00000002   Code   RO         4603    i.ui_main_on_button_touch_event  main_1.o
    0x08005cfc   0x08005cfc   0x00000024   Code   RO         4604    i.ui_main_on_page_open  main_1.o
    0x08005d20   0x08005d20   0x00000002   Code   RO         4605    i.ui_main_on_progress_changed  main_1.o
    0x08005d22   0x08005d22   0x00000002   Code   RO         4606    i.ui_main_on_timer  main_1.o
    0x08005d24   0x08005d24   0x000001d8   Code   RO         4063    i.ui_proc_keyevent  other_app.o
    0x08005efc   0x08005efc   0x00000114   Code   RO         4168    i.user_init         usermain.o
    0x08006010   0x08006010   0x00000164   Code   RO         4169    i.user_loop         usermain.o
    0x08006174   0x08006174   0x00000002   Code   RO         3555    i.video_deinit      video.o
    0x08006176   0x08006176   0x00000002   Code   RO         3556    i.video_flip        video.o
    0x08006178   0x08006178   0x0000052a   Code   RO         3557    i.video_init        video.o
    0x080066a2   0x080066a2   0x00000002   PAD
    0x080066a4   0x080066a4   0x00000020   Code   RO         4064    i.wash_working_count_down  other_app.o
    0x080066c4   0x080066c4   0x00000040   Data   RO         3307    .constdata          system_stm32g0xx.o
    0x08006704   0x08006704   0x00000020   Data   RO         3308    .constdata          system_stm32g0xx.o
    0x08006724   0x08006724   0x00000008   Data   RO         3632    .constdata          sdl_timer.o
    0x0800672c   0x0800672c   0x00000018   Data   RO         3697    .constdata          serialflash.o
    0x08006744   0x08006744   0x00000014   Data   RO         4065    .constdata          other_app.o
    0x08006758   0x08006758   0x0000004c   Data   RO         4171    .constdata          usermain.o
    0x080067a4   0x080067a4   0x00000014   Data   RO         4407    .constdata          uartupgradedev.o
    0x080067b8   0x080067b8   0x00000014   Data   RO         4487    .constdata          uartcomm.o
    0x080067cc   0x080067cc   0x0000008c   Data   RO         4568    .constdata          ui_context.o
    0x08006858   0x08006858   0x00000020   Data   RO         5222    Region$$Table       anon$$obj.o


    Execution Region RW_IRAM1 (Exec base: 0x20000600, Load base: 0x08006878, Size: 0x00000fc8, Max: 0x00001a00, ABSOLUTE)

    Exec Addr    Load Addr    Size         Type   Attr      Idx    E Section Name        Object

    0x20000600   0x08006878   0x0000000c   Data   RW         1643    .data               stm32g0xx_hal.o
    0x2000060c   0x08006884   0x00000004   Data   RW         3309    .data               system_stm32g0xx.o
    0x20000610   0x08006888   0x00000007   Data   RW         3445    .data               dev_rgbled.o
    0x20000617   0x0800688f   0x00000001   PAD
    0x20000618   0x08006890   0x00000008   Data   RW         3633    .data               sdl_timer.o
    0x20000620   0x08006898   0x00000002   Data   RW         3698    .data               serialflash.o
    0x20000622   0x0800689a   0x00000008   Data   RW         4011    .data               inputkey.o
    0x2000062a   0x080068a2   0x00000002   PAD
    0x2000062c   0x080068a4   0x00000062   Data   RW         4066    .data               other_app.o
    0x2000068e   0x08006906   0x00000002   PAD
    0x20000690   0x08006908   0x0000002c   Data   RW         4172    .data               usermain.o
    0x200006bc   0x08006934   0x00000001   Data   RW         4539    .data               proc_cmd.o
    0x200006bd   0x08006935   0x00000003   PAD
    0x200006c0   0x08006938   0x00000004   Data   RW         5196    .data               mc_p.l(stdout.o)
    0x200006c4        -       0x000001e0   Zero   RW           20    .bss                main.o
    0x200008a4        -       0x0000005c   Zero   RW           21    .bss                main.o
    0x20000900        -       0x0000005c   Zero   RW           22    .bss                main.o
    0x2000095c        -       0x0000005c   Zero   RW           23    .bss                main.o
    0x200009b8        -       0x00000040   Zero   RW           24    .bss                main.o
    0x200009f8        -       0x00000040   Zero   RW         3341    .bss                dev_time17.o
    0x20000a38        -       0x00000040   Zero   RW         3444    .bss                dev_rgbled.o
    0x20000a78        -       0x00000400   Zero   RW         4170    .bss                usermain.o
    0x20000e78        -       0x00000238   Zero   RW         4406    .bss                uartupgradedev.o
    0x200010b0        -       0x00000114   Zero   RW         4486    .bss                uartcomm.o
    0x200011c4   0x0800693c   0x00000004   PAD
    0x200011c8        -       0x00000400   Zero   RW            1    STACK               startup_stm32g030xx.o


==============================================================================

Image component sizes


      Code (inc. data)   RO Data    RW Data    ZI Data      Debug   Object Name

       296         44          0          0          0       2453   dev_pwm.o
       412         50          0          7         64       4716   dev_rgbled.o
       128         26          0          0         64       4508   dev_time17.o
        18          0          0          0          0       1638   devmodule.o
       558        192          0          8          0       4137   inputkey.o
       826         70          0          0        820     387577   main.o
        76          4          0          0          0       3350   main01.o
        76          4          0          0          0       3350   main02.o
        10          0          0          0          0       3254   main03.o
        92         14          0          0          0       3334   main04.o
        38          0          0          0          0       3334   main05.o
        10          0          0          0          0       3254   main06.o
        44          4          0          0          0       3288   main_1.o
      1624         70         20         98          0      10882   other_app.o
       304        170          0          1          0       1438   proc_cmd.o
       274          0          0          0          0       6261   ring.o
        10          0          0          0          0       2005   sdl_event.o
       122         50          8          8          0       2498   sdl_timer.o
      1166         98         24          2          0      19143   serialflash.o
        28          8        192          0       1024        700   startup_stm32g030xx.o
       176         26          0         12          0       4317   stm32g0xx_hal.o
       180         30          0          0          0      13207   stm32g0xx_hal_cortex.o
       582         28          0          0          0       4335   stm32g0xx_hal_dma.o
       370         22          0          0          0       3922   stm32g0xx_hal_gpio.o
       508         54          0          0          0       2996   stm32g0xx_hal_msp.o
        76         14          0          0          0        814   stm32g0xx_hal_pwr_ex.o
      1508         86          0          0          0      20809   stm32g0xx_hal_rcc.o
       352         12          0          0          0       1836   stm32g0xx_hal_rcc_ex.o
       184          0          0          0          0       1355   stm32g0xx_hal_spi.o
      1798        174          0          0          0      17526   stm32g0xx_hal_tim.o
        80          4          0          0          0       1556   stm32g0xx_hal_tim_ex.o
      1930         50          0          0          0      11122   stm32g0xx_hal_uart.o
       318         16          0          0          0       5862   stm32g0xx_hal_uart_ex.o
        60          6          0          0          0     389137   stm32g0xx_it.o
        16          6         96          4          0       1351   system_stm32g0xx.o
       210         34         20          0        276       3665   uartcomm.o
      1366        296         20          0        568      19090   uartupgradedev.o
       204         28        140          0          0       4040   ui_context.o
       634         90         76         44       1024      11175   usermain.o
      1434         24          0          0          0       5522   video.o

    ----------------------------------------------------------------------
     18128       1804        628        192       3844     994757   Object Totals
         0          0         32          0          0          0   (incl. Generated)
        30          0          0          8          4          0   (incl. Padding)

    ----------------------------------------------------------------------

      Code (inc. data)   RO Data    RW Data    ZI Data      Debug   Library Member Name

         0          0          0          0          0          0   entry.o
         0          0          0          0          0          0   entry10a.o
         0          0          0          0          0          0   entry11a.o
         8          4          0          0          0          0   entry2.o
         4          0          0          0          0          0   entry5.o
         0          0          0          0          0          0   entry7b.o
         0          0          0          0          0          0   entry8b.o
         8          4          0          0          0          0   entry9a.o
        30          0          0          0          0          0   handlers.o
        40          0          0          0          0         72   idiv.o
        36          8          0          0          0         68   init.o
         0          0          0          0          0          0   iusefp.o
        32          0          0          0          0         68   llshl.o
        38          0          0          0          0         68   llsshr.o
        34          0          0          0          0         68   llushr.o
        36          0          0          0          0         60   memcpya.o
        36          0          0          0          0        100   memseta.o
      2302        102          0          0          0        556   printfa.o
         0          0          0          4          0          0   stdout.o
        44          0          0          0          0         72   uidiv.o
        96          0          0          0          0         84   uldiv.o
        40          2          0          0          0         68   cdrcmple.o
       356          4          0          0          0        140   dadd.o
       240          6          0          0          0         84   ddiv.o
       236          0          0          0          0        216   depilogue.o
        64         10          0          0          0         68   dfixul.o
       208          6          0          0          0         88   dmul.o

    ----------------------------------------------------------------------
      3892        146          0          4          0       1880   Library Totals
         4          0          0          0          0          0   (incl. Padding)

    ----------------------------------------------------------------------

      Code (inc. data)   RO Data    RW Data    ZI Data      Debug   Library Name

      2744        118          0          4          0       1216   mc_p.l
      1144         28          0          0          0        664   mf_p.l

    ----------------------------------------------------------------------
      3892        146          0          4          0       1880   Library Totals

    ----------------------------------------------------------------------

==============================================================================


      Code (inc. data)   RO Data    RW Data    ZI Data      Debug   

     22020       1950        628        196       3844     986705   Grand Totals
     22020       1950        628        196       3844     986705   ELF Image Totals
     22020       1950        628        196          0          0   ROM Totals

==============================================================================

    Total RO  Size (Code + RO Data)                22648 (  22.12kB)
    Total RW  Size (RW Data + ZI Data)              4040 (   3.95kB)
    Total ROM Size (Code + RO Data + RW Data)      22844 (  22.31kB)

==============================================================================

